Component: ARM Compiler 5.06 update 1 (build 61) Tool: armlink [4d35a8]

==============================================================================

Section Cross References

    startup_stm32f407xx.o(RESET) refers to startup_stm32f407xx.o(STACK) for __initial_sp
    startup_stm32f407xx.o(RESET) refers to startup_stm32f407xx.o(.text) for Reset_Handler
    startup_stm32f407xx.o(RESET) refers to stm32f4xx_it.o(i.NMI_Handler) for NMI_Handler
    startup_stm32f407xx.o(RESET) refers to stm32f4xx_it.o(i.HardFault_Handler) for HardFault_Handler
    startup_stm32f407xx.o(RESET) refers to stm32f4xx_it.o(i.MemManage_Handler) for MemManage_Handler
    startup_stm32f407xx.o(RESET) refers to stm32f4xx_it.o(i.BusFault_Handler) for BusFault_Handler
    startup_stm32f407xx.o(RESET) refers to stm32f4xx_it.o(i.UsageFault_Handler) for UsageFault_Handler
    startup_stm32f407xx.o(RESET) refers to stm32f4xx_it.o(i.DebugMon_Handler) for DebugMon_Handler
    startup_stm32f407xx.o(RESET) refers to stm32f4xx_it.o(i.SysTick_Handler) for SysTick_Handler
    startup_stm32f407xx.o(RESET) refers to stm32f4xx_it.o(i.EXTI3_IRQHandler) for EXTI3_IRQHandler
    startup_stm32f407xx.o(RESET) refers to stm32f4xx_it.o(i.EXTI4_IRQHandler) for EXTI4_IRQHandler
    startup_stm32f407xx.o(RESET) refers to stm32f4xx_it.o(i.DMA1_Stream0_IRQHandler) for DMA1_Stream0_IRQHandler
    startup_stm32f407xx.o(RESET) refers to stm32f4xx_it.o(i.DMA1_Stream5_IRQHandler) for DMA1_Stream5_IRQHandler
    startup_stm32f407xx.o(RESET) refers to stm32f4xx_it.o(i.DMA1_Stream6_IRQHandler) for DMA1_Stream6_IRQHandler
    startup_stm32f407xx.o(RESET) refers to stm32f4xx_it.o(i.TIM2_IRQHandler) for TIM2_IRQHandler
    startup_stm32f407xx.o(RESET) refers to stm32f4xx_it.o(i.TIM4_IRQHandler) for TIM4_IRQHandler
    startup_stm32f407xx.o(RESET) refers to stm32f4xx_it.o(i.I2C1_EV_IRQHandler) for I2C1_EV_IRQHandler
    startup_stm32f407xx.o(RESET) refers to stm32f4xx_it.o(i.USART1_IRQHandler) for USART1_IRQHandler
    startup_stm32f407xx.o(RESET) refers to stm32f4xx_it.o(i.USART2_IRQHandler) for USART2_IRQHandler
    startup_stm32f407xx.o(RESET) refers to stm32f4xx_it.o(i.DMA1_Stream7_IRQHandler) for DMA1_Stream7_IRQHandler
    startup_stm32f407xx.o(RESET) refers to stm32f4xx_it.o(i.DMA2_Stream2_IRQHandler) for DMA2_Stream2_IRQHandler
    startup_stm32f407xx.o(RESET) refers to stm32f4xx_it.o(i.DMA2_Stream7_IRQHandler) for DMA2_Stream7_IRQHandler
    startup_stm32f407xx.o(.text) refers to system_stm32f4xx.o(i.SystemInit) for SystemInit
    startup_stm32f407xx.o(.text) refers to entry.o(.ARM.Collect$$$$00000000) for __main
    main.o(i.HAL_UART_RxCpltCallback) refers to main.o(i.processGPS) for processGPS
    main.o(i.HAL_UART_RxCpltCallback) refers to main.o(.bss) for .bss
    main.o(i.MX_DMA_Init) refers to stm32f4xx_hal_cortex.o(i.HAL_NVIC_SetPriority) for HAL_NVIC_SetPriority
    main.o(i.MX_DMA_Init) refers to stm32f4xx_hal_cortex.o(i.HAL_NVIC_EnableIRQ) for HAL_NVIC_EnableIRQ
    main.o(i.MX_GPIO_Init) refers to stm32f4xx_hal_gpio.o(i.HAL_GPIO_WritePin) for HAL_GPIO_WritePin
    main.o(i.MX_GPIO_Init) refers to stm32f4xx_hal_gpio.o(i.HAL_GPIO_Init) for HAL_GPIO_Init
    main.o(i.MX_TIM2_Init) refers to stm32f4xx_hal_tim.o(i.HAL_TIM_Base_Init) for HAL_TIM_Base_Init
    main.o(i.MX_TIM2_Init) refers to stm32f4xx_hal_tim.o(i.HAL_TIM_ConfigClockSource) for HAL_TIM_ConfigClockSource
    main.o(i.MX_TIM2_Init) refers to stm32f4xx_hal_tim.o(i.HAL_TIM_IC_Init) for HAL_TIM_IC_Init
    main.o(i.MX_TIM2_Init) refers to stm32f4xx_hal_tim_ex.o(i.HAL_TIMEx_MasterConfigSynchronization) for HAL_TIMEx_MasterConfigSynchronization
    main.o(i.MX_TIM2_Init) refers to stm32f4xx_hal_tim.o(i.HAL_TIM_IC_ConfigChannel) for HAL_TIM_IC_ConfigChannel
    main.o(i.MX_TIM2_Init) refers to main.o(.bss) for .bss
    main.o(i.MX_TIM3_Init) refers to stm32f4xx_hal_tim.o(i.HAL_TIM_Base_Init) for HAL_TIM_Base_Init
    main.o(i.MX_TIM3_Init) refers to stm32f4xx_hal_tim.o(i.HAL_TIM_ConfigClockSource) for HAL_TIM_ConfigClockSource
    main.o(i.MX_TIM3_Init) refers to stm32f4xx_hal_tim.o(i.HAL_TIM_PWM_Init) for HAL_TIM_PWM_Init
    main.o(i.MX_TIM3_Init) refers to stm32f4xx_hal_tim_ex.o(i.HAL_TIMEx_MasterConfigSynchronization) for HAL_TIMEx_MasterConfigSynchronization
    main.o(i.MX_TIM3_Init) refers to stm32f4xx_hal_tim.o(i.HAL_TIM_PWM_ConfigChannel) for HAL_TIM_PWM_ConfigChannel
    main.o(i.MX_TIM3_Init) refers to stm32f4xx_hal_msp.o(i.HAL_TIM_MspPostInit) for HAL_TIM_MspPostInit
    main.o(i.MX_TIM3_Init) refers to main.o(.bss) for .bss
    main.o(i.MX_TIM4_Init) refers to stm32f4xx_hal_tim.o(i.HAL_TIM_Base_Init) for HAL_TIM_Base_Init
    main.o(i.MX_TIM4_Init) refers to stm32f4xx_hal_tim.o(i.HAL_TIM_ConfigClockSource) for HAL_TIM_ConfigClockSource
    main.o(i.MX_TIM4_Init) refers to stm32f4xx_hal_tim.o(i.HAL_TIM_IC_Init) for HAL_TIM_IC_Init
    main.o(i.MX_TIM4_Init) refers to stm32f4xx_hal_tim_ex.o(i.HAL_TIMEx_MasterConfigSynchronization) for HAL_TIMEx_MasterConfigSynchronization
[...]
    .data                                    0x2000020c   Section        4  main.o(.data)
    .data                                    0x20000210   Section        4  main.o(.data)
    .data                                    0x20000214   Section        4  main.o(.data)
    .data                                    0x20000218   Section        4  main.o(.data)
    .data                                    0x2000021c   Section        4  main.o(.data)
    .data                                    0x20000220   Section        4  main.o(.data)
    .data                                    0x20000224   Section        4  main.o(.data)
    .data                                    0x20000228   Section        4  main.o(.data)
    .data                                    0x2000022c   Section        4  main.o(.data)
    .data                                    0x20000230   Section        4  main.o(.data)
    .data                                    0x20000234   Section        4  main.o(.data)
    .data                                    0x20000238   Section        4  main.o(.data)
    .data                                    0x2000023c   Section        4  main.o(.data)
    .data                                    0x20000240   Section        4  main.o(.data)
    .data                                    0x20000244   Section        4  main.o(.data)
    .data                                    0x20000248   Section        4  main.o(.data)
    .data                                    0x2000024c   Section        4  main.o(.data)
    .data                                    0x20000250   Section        4  main.o(.data)
    .data                                    0x20000254   Section        4  main.o(.data)
    .data                                    0x20000258   Section        4  main.o(.data)
    .data                                    0x2000025c   Section        1  main.o(.data)
    .data                                    0x2000025d   Section        1  main.o(.data)
    .data                                    0x2000025e   Section        1  main.o(.data)
    .data                                    0x2000025f   Section        1  main.o(.data)
    .data                                    0x20000260   Section        1  main.o(.data)
    .data                                    0x20000261   Section        1  main.o(.data)
    .data                                    0x20000262   Section        1  main.o(.data)
    .data                                    0x20000264   Section        4  main.o(.data)
    .data                                    0x20000268   Section        4  main.o(.data)
    .data                                    0x2000026c   Section        4  main.o(.data)
    .data                                    0x20000270   Section        4  main.o(.data)
    .data                                    0x20000274   Section        4  main.o(.data)
    .data                                    0x20000278   Section        4  main.o(.data)
    .data                                    0x2000027c   Section        4  main.o(.data)
    .data                                    0x20000280   Section        4  main.o(.data)
    .data                                    0x20000284   Section        4  main.o(.data)
    .data                                    0x20000288   Section        4  main.o(.data)
    .data                                    0x2000028c   Section        4  main.o(.data)
    .data                                    0x20000290   Section        4  main.o(.data)
    .data                                    0x20000294   Section        4  main.o(.data)
    .data                                    0x20000298   Section        4  main.o(.data)
    .data                                    0x2000029c   Section        4  system_stm32f4xx.o(.data)
    .data                                    0x200002a0   Section        4  stm32f4xx_hal.o(.data)
    .data                                    0x200002a4   Section        4  errno.o(.data)
    _errno                                   0x200002a4   Data           4  errno.o(.data)
    .bss                                     0x200002a8   Section     1080  main.o(.bss)
    .bss                                     0x200006e0   Section       88  main.o(.bss)
    .bss                                     0x20000738   Section       88  main.o(.bss)
    .bss                                     0x20000790   Section       88  main.o(.bss)
    .bss                                     0x200007e8   Section       88  main.o(.bss)
    .bss                                     0x20000840   Section       88  main.o(.bss)
    .bss                                     0x20000898   Section       88  main.o(.bss)
    .bss                                     0x200008f0   Section      140  main.o(.bss)
    STACK                                    0x20000980   Section     1024  startup_stm32f407xx.o(STACK)

    Global Symbols

    Symbol Name                              Value     Ov Type        Size  Object(Section)

    BuildAttributes$$THM_ISAv4$E$P$D$K$B$S$7EM$VFPi3$EXTD16$VFPS$VFMA$PE$A:L22UL41UL21$X:L11$S22US41US21$IEEE1$IW$USESV6$~STKCKD$USESV7$~SHL$OTIME$ROPI$IEEEX$EBA8$MICROLIB$REQ8$PRES8$EABIv2 0x00000000   Number         0  anon$$obj.o ABSOLUTE
    __ARM_use_no_argv                        0x00000000   Number         0  main.o ABSOLUTE
    _printf_a                                0x00000000   Number         0  stubs.o ABSOLUTE
    _printf_c                                0x00000000   Number         0  stubs.o ABSOLUTE
    _printf_charcount                        0x00000000   Number         0  stubs.o ABSOLUTE
    _printf_d                                0x00000000   Number         0  stubs.o ABSOLUTE
    _printf_e                                0x00000000   Number         0  stubs.o ABSOLUTE
    _printf_f                                0x00000000   Number         0  stubs.o ABSOLUTE
    _printf_flags                            0x00000000   Number         0  stubs.o ABSOLUTE
    _printf_fp_dec                           0x00000000   Number         0  stubs.o ABSOLUTE
    _printf_fp_hex                           0x00000000   Number         0  stubs.o ABSOLUTE
    _printf_g                                0x00000000   Number         0  stubs.o ABSOLUTE
    _printf_i                                0x00000000   Number         0  stubs.o ABSOLUTE
    _printf_int_dec                          0x00000000   Number         0  stubs.o ABSOLUTE
    _printf_l                                0x00000000   Number         0  stubs.o ABSOLUTE
    _printf_lc                               0x00000000   Number         0  stubs.o ABSOLUTE
    _printf_ll                               0x00000000   Number         0  stubs.o ABSOLUTE
    _printf_lld                              0x00000000   Number         0  stubs.o ABSOLUTE
    _printf_lli                              0x00000000   Number         0  stubs.o ABSOLUTE
    _printf_llo                              0x00000000   Number         0  stubs.o ABSOLUTE
    _printf_llu                              0x00000000   Number         0  stubs.o ABSOLUTE
    _printf_llx                              0x00000000   Number         0  stubs.o ABSOLUTE
    _printf_longlong_dec                     0x00000000   Number         0  stubs.o ABSOLUTE
    _printf_longlong_hex                     0x00000000   Number         0  stubs.o ABSOLUTE
    _printf_longlong_oct                     0x00000000   Number         0  stubs.o ABSOLUTE
    _printf_ls                               0x00000000   Number         0  stubs.o ABSOLUTE
    _printf_mbtowc                           0x00000000   Number         0  stubs.o ABSOLUTE
    _printf_n                                0x00000000   Number         0  stubs.o ABSOLUTE
    _printf_o                                0x00000000   Number         0  stubs.o ABSOLUTE
    _printf_p                                0x00000000   Number         0  stubs.o ABSOLUTE
    _printf_percent                          0x00000000   Number         0  stubs.o ABSOLUTE
    _printf_pre_padding                      0x00000000   Number         0  stubs.o ABSOLUTE
    _printf_return_value                     0x00000000   Number         0  stubs.o ABSOLUTE
    _printf_s                                0x00000000   Number         0  stubs.o ABSOLUTE
    _printf_sizespec                         0x00000000   Number         0  stubs.o ABSOLUTE
    _printf_str                              0x00000000   Number         0  stubs.o ABSOLUTE
    _printf_truncate_signed                  0x00000000   Number         0  stubs.o ABSOLUTE
    _printf_truncate_unsigned                0x00000000   Number         0  stubs.o ABSOLUTE
    _printf_u                                0x00000000   Number         0  stubs.o ABSOLUTE
    _printf_wc                               0x00000000   Number         0  stubs.o ABSOLUTE
    _printf_wctomb                           0x00000000   Number         0  stubs.o ABSOLUTE
    _printf_widthprec                        0x00000000   Number         0  stubs.o ABSOLUTE
    _printf_x                                0x00000000   Number         0  stubs.o ABSOLUTE
    __cpp_initialize__aeabi_                  - Undefined Weak Reference
    __cxa_finalize                            - Undefined Weak Reference
    _clock_init                               - Undefined Weak Reference
    _microlib_exit                            - Undefined Weak Reference
    __Vectors_Size                           0x00000188   Number         0  startup_stm32f407xx.o ABSOLUTE
    __Vectors                                0x08000000   Data           4  startup_stm32f407xx.o(RESET)
    __Vectors_End                            0x08000188   Data           0  startup_stm32f407xx.o(RESET)
    __main                                   0x08000189   Thumb Code     0  entry.o(.ARM.Collect$$$$00000000)
    _main_stk                                0x08000189   Thumb Code     0  entry2.o(.ARM.Collect$$$$00000001)
    _main_scatterload                        0x0800018d   Thumb Code     0  entry5.o(.ARM.Collect$$$$00000004)
    __main_after_scatterload                 0x08000191   Thumb Code     0  entry5.o(.ARM.Collect$$$$00000004)
    _main_clock                              0x08000191   Thumb Code     0  entry7b.o(.ARM.Collect$$$$00000008)
    _main_cpp_init                           0x08000191   Thumb Code     0  entry8b.o(.ARM.Collect$$$$0000000A)
    _main_init                               0x08000191   Thumb Code     0  entry9a.o(.ARM.Collect$$$$0000000B)
    __rt_final_cpp                           0x08000199   Thumb Code     0  entry10a.o(.ARM.Collect$$$$0000000D)
    __rt_final_exit                          0x08000199   Thumb Code     0  entry11a.o(.ARM.Collect$$$$0000000F)
    Reset_Handler                            0x0800019d   Thumb Code     8  startup_stm32f407xx.o(.text)
    SVC_Handler                              0x080001af   Thumb Code     2  startup_stm32f407xx.o(.text)
    PendSV_Handler                           0x080001b3   Thumb Code     2  startup_stm32f407xx.o(.text)
    ADC_IRQHandler                           0x080001b7   Thumb Code     0  startup_stm32f407xx.o(.text)
    CAN1_RX0_IRQHandler                      0x080001b7   Thumb Code     0  startup_stm32f407xx.o(.text)
    CAN1_RX1_IRQHandler                      0x080001b7   Thumb Code     0  startup_stm32f407xx.o(.text)
    CAN1_SCE_IRQHandler                      0x080001b7   Thumb Code     0  startup_stm32f407xx.o(.text)
    CAN1_TX_IRQHandler                       0x080001b7   Thumb Code     0  startup_stm32f407xx.o(.text)
    CAN2_RX0_IRQHandler                      0x080001b7   Thumb Code     0  startup_stm32f407xx.o(.text)
    CAN2_RX1_IRQHandler                      0x080001b7   Thumb Code     0  startup_stm32f407xx.o(.text)
    CAN2_SCE_IRQHandler                      0x080001b7   Thumb Code     0  startup_stm32f407xx.o(.text)
    CAN2_TX_IRQHandler                       0x080001b7   Thumb Code     0  startup_stm32f407xx.o(.text)
    DCMI_IRQHandler                          0x080001b7   Thumb Code     0  startup_stm32f407xx.o(.text)
    DMA1_Stream1_IRQHandler                  0x080001b7   Thumb Code     0  startup_stm32f407xx.o(.text)
    DMA1_Stream2_IRQHandler                  0x080001b7   Thumb Code     0  startup_stm32f407xx.o(.text)
    DMA1_Stream3_IRQHandler                  0x080001b7   Thumb Code     0  startup_stm32f407xx.o(.text)
    DMA1_Stream4_IRQHandler                  0x080001b7   Thumb Code     0  startup_stm32f407xx.o(.text)
    DMA2_Stream0_IRQHandler                  0x080001b7   Thumb Code     0  startup_stm32f407xx.o(.text)
    DMA2_Stream1_IRQHandler                  0x080001b7   Thumb Code     0  startup_stm32f407xx.o(.text)
    DMA2_Stream3_IRQHandler                  0x080001b7   Thumb Code     0  startup_stm32f407xx.o(.text)
    DMA2_Stream4_IRQHandler                  0x080001b7   Thumb Code     0  startup_stm32f407xx.o(.text)
    DMA2_Stream5_IRQHandler                  0x080001b7   Thumb Code     0  startup_stm32f407xx.o(.text)
    DMA2_Stream6_IRQHandler                  0x080001b7   Thumb Code     0  startup_stm32f407xx.o(.text)
    ETH_IRQHandler                           0x080001b7   Thumb Code     0  startup_stm32f407xx.o(.text)
    ETH_WKUP_IRQHandler                      0x080001b7   Thumb Code     0  startup_stm32f407xx.o(.text)
    EXTI0_IRQHandler                         0x080001b7   Thumb Code     0  startup_stm32f407xx.o(.text)
    EXTI15_10_IRQHandler                     0x080001b7   Thumb Code     0  startup_stm32f407xx.o(.text)
    EXTI1_IRQHandler                         0x080001b7   Thumb Code     0  startup_stm32f407xx.o(.text)
    EXTI2_IRQHandler                         0x080001b7   Thumb Code     0  startup_stm32f407xx.o(.text)
    EXTI9_5_IRQHandler                       0x080001b7   Thumb Code     0  startup_stm32f407xx.o(.text)
    FLASH_IRQHandler                         0x080001b7   Thumb Code     0  startup_stm32f407xx.o(.text)
    FMC_IRQHandler                           0x080001b7   Thumb Code     0  startup_stm32f407xx.o(.text)
    FPU_IRQHandler                           0x080001b7   Thumb Code     0  startup_stm32f407xx.o(.text)
    HASH_RNG_IRQHandler                      0x080001b7   Thumb Code     0  startup_stm32f407xx.o(.text)
    I2C1_ER_IRQHandler                       0x080001b7   Thumb Code     0  startup_stm32f407xx.o(.text)
    I2C2_ER_IRQHandler                       0x080001b7   Thumb Code     0  startup_stm32f407xx.o(.text)
    I2C2_EV_IRQHandler                       0x080001b7   Thumb Code     0  startup_stm32f407xx.o(.text)
    I2C3_ER_IRQHandler                       0x080001b7   Thumb Code     0  startup_stm32f407xx.o(.text)
    I2C3_EV_IRQHandler                       0x080001b7   Thumb Code     0  startup_stm32f407xx.o(.text)
    OTG_FS_IRQHandler                        0x080001b7   Thumb Code     0  startup_stm32f407xx.o(.text)
    OTG_FS_WKUP_IRQHandler                   0x080001b7   Thumb Code     0  startup_stm32f407xx.o(.text)
    OTG_HS_EP1_IN_IRQHandler                 0x080001b7   Thumb Code     0  startup_stm32f407xx.o(.text)
    OTG_HS_EP1_OUT_IRQHandler                0x080001b7   Thumb Code     0  startup_stm32f407xx.o(.text)
    OTG_HS_IRQHandler                        0x080001b7   Thumb Code     0  startup_stm32f407xx.o(.text)
    OTG_HS_WKUP_IRQHandler                   0x080001b7   Thumb Code     0  startup_stm32f407xx.o(.text)
    PVD_IRQHandler                           0x080001b7   Thumb Code     0  startup_stm32f407xx.o(.text)
    RCC_IRQHandler                           0x080001b7   Thumb Code     0  startup_stm32f407xx.o(.text)
    RTC_Alarm_IRQHandler                     0x080001b7   Thumb Code     0  startup_stm32f407xx.o(.text)
    RTC_WKUP_IRQHandler                      0x080001b7   Thumb Code     0  startup_stm32f407xx.o(.text)
    SDIO_IRQHandler                          0x080001b7   Thumb Code     0  startup_stm32f407xx.o(.text)
    SPI1_IRQHandler                          0x080001b7   Thumb Code     0  startup_stm32f407xx.o(.text)
    SPI2_IRQHandler                          0x080001b7   Thumb Code     0  startup_stm32f407xx.o(.text)
    SPI3_IRQHandler                          0x080001b7   Thumb Code     0  startup_stm32f407xx.o(.text)
    TAMP_STAMP_IRQHandler                    0x080001b7   Thumb Code     0  startup_stm32f407xx.o(.text)
    TIM1_BRK_TIM9_IRQHandler                 0x080001b7   Thumb Code     0  startup_stm32f407xx.o(.text)
    TIM1_CC_IRQHandler                       0x080001b7   Thumb Code     0  startup_stm32f407xx.o(.text)
    TIM1_TRG_COM_TIM11_IRQHandler            0x080001b7   Thumb Code     0  startup_stm32f407xx.o(.text)
    TIM1_UP_TIM10_IRQHandler                 0x080001b7   Thumb Code     0  startup_stm32f407xx.o(.text)
    TIM3_IRQHandler                          0x080001b7   Thumb Code     0  startup_stm32f407xx.o(.text)
    TIM5_IRQHandler                          0x080001b7   Thumb Code     0  startup_stm32f407xx.o(.text)
    TIM6_DAC_IRQHandler                      0x080001b7   Thumb Code     0  startup_stm32f407xx.o(.text)
    TIM7_IRQHandler                          0x080001b7   Thumb Code     0  startup_stm32f407xx.o(.text)
    TIM8_BRK_TIM12_IRQHandler                0x080001b7   Thumb Code     0  startup_stm32f407xx.o(.text)
    TIM8_CC_IRQHandler                       0x080001b7   Thumb Code     0  startup_stm32f407xx.o(.text)
    TIM8_TRG_COM_TIM14_IRQHandler            0x080001b7   Thumb Code     0  startup_stm32f407xx.o(.text)
    TIM8_UP_TIM13_IRQHandler                 0x080001b7   Thumb Code     0  startup_stm32f407xx.o(.text)
    UART4_IRQHandler                         0x080001b7   Thumb Code     0  startup_stm32f407xx.o(.text)
    UART5_IRQHandler                         0x080001b7   Thumb Code     0  startup_stm32f407xx.o(.text)
    USART3_IRQHandler                        0x080001b7   Thumb Code     0  startup_stm32f407xx.o(.text)
    USART6_IRQHandler                        0x080001b7   Thumb Code     0  startup_stm32f407xx.o(.text)
    WWDG_IRQHandler                          0x080001b7   Thumb Code     0  startup_stm32f407xx.o(.text)
    strlen                                   0x080001c1   Thumb Code    14  strlen.o(.text)
    __aeabi_dadd                             0x080001cf   Thumb Code   322  dadd.o(.text)
    __aeabi_dsub                             0x08000311   Thumb Code     6  dadd.o(.text)
    __aeabi_drsub                            0x08000317   Thumb Code     6  dadd.o(.text)
    __aeabi_dmul                             0x0800031d   Thumb Code   228  dmul.o(.text)
    __aeabi_ddiv                             0x08000401   Thumb Code   222  ddiv.o(.text)
    __aeabi_i2d                              0x080004df   Thumb Code    34  dflti.o(.text)
    __aeabi_ui2d                             0x08000501   Thumb Code    26  dfltui.o(.text)
    __aeabi_l2d                              0x0800051b   Thumb Code    40  dfltl.o(.text)
    __aeabi_d2iz                             0x08000543   Thumb Code    62  dfixi.o(.text)
    __aeabi_d2lz                             0x08000581   Thumb Code    74  dfixl.o(.text)
    __aeabi_f2d                              0x080005cb   Thumb Code    38  f2d.o(.text)
    __aeabi_cdcmpeq                          0x080005f1   Thumb Code     0  cdcmple.o(.text)
    __aeabi_cdcmple                          0x080005f1   Thumb Code    48  cdcmple.o(.text)
    __aeabi_d2f                              0x08000621   Thumb Code    56  d2f.o(.text)
    __aeabi_uidiv                            0x08000659   Thumb Code     0  uidiv.o(.text)
    __aeabi_uidivmod                         0x08000659   Thumb Code    44  uidiv.o(.text)
    __aeabi_uldivmod                         0x08000685   Thumb Code    98  uldiv.o(.text)
    __aeabi_llsl                             0x080006e7   Thumb Code    30  llshl.o(.text)
    _ll_shift_l                              0x080006e7   Thumb Code     0  llshl.o(.text)
    __aeabi_llsr                             0x08000705   Thumb Code    32  llushr.o(.text)
    _ll_ushift_r                             0x08000705   Thumb Code     0  llushr.o(.text)
    __aeabi_lasr                             0x08000725   Thumb Code    36  llsshr.o(.text)
    _ll_sshift_r                             0x08000725   Thumb Code     0  llsshr.o(.text)
    __I$use$fp                               0x08000749   Thumb Code     0  iusefp.o(.text)
    _float_round                             0x08000749   Thumb Code    18  fepilogue.o(.text)
    _float_epilogue                          0x0800075b   Thumb Code    92  fepilogue.o(.text)
    _double_round                            0x080007b7   Thumb Code    30  depilogue.o(.text)
    _double_epilogue                         0x080007d5   Thumb Code   156  depilogue.o(.text)
    __ARM_scalbn                             0x08000871   Thumb Code    46  dscalb.o(.text)
    scalbn                                   0x08000871   Thumb Code     0  dscalb.o(.text)
    _dsqrt                                   0x0800089f   Thumb Code   162  dsqrt.o(.text)
    __aeabi_d2ulz                            0x08000941   Thumb Code    48  dfixul.o(.text)
    __aeabi_cdrcmple                         0x08000971   Thumb Code    48  cdrcmple.o(.text)
    __scatterload                            0x080009a1   Thumb Code    28  init.o(.text)
    __scatterload_rt2                        0x080009a1   Thumb Code     0  init.o(.text)
    __decompress                             0x080009c5   Thumb Code     0  __dczerorl2.o(.text)
    __decompress1                            0x080009c5   Thumb Code    86  __dczerorl2.o(.text)
    BusFault_Handler                         0x08000a1b   Thumb Code     2  stm32f4xx_it.o(i.BusFault_Handler)
    DMA1_Stream0_IRQHandler                  0x08000a1d   Thumb Code     6  stm32f4xx_it.o(i.DMA1_Stream0_IRQHandler)
    DMA1_Stream5_IRQHandler                  0x08000a29   Thumb Code     6  stm32f4xx_it.o(i.DMA1_Stream5_IRQHandler)
    DMA1_Stream6_IRQHandler                  0x08000a35   Thumb Code     6  stm32f4xx_it.o(i.DMA1_Stream6_IRQHandler)
    DMA1_Stream7_IRQHandler                  0x08000a41   Thumb Code     6  stm32f4xx_it.o(i.DMA1_Stream7_IRQHandler)
    DMA2_Stream2_IRQHandler                  0x08000a4d   Thumb Code     6  stm32f4xx_it.o(i.DMA2_Stream2_IRQHandler)
    DMA2_Stream7_IRQHandler                  0x08000a59   Thumb Code     6  stm32f4xx_it.o(i.DMA2_Stream7_IRQHandler)
    DebugMon_Handler                         0x08000a8d   Thumb Code     2  stm32f4xx_it.o(i.DebugMon_Handler)
    EXTI3_IRQHandler                         0x08000a8f   Thumb Code     6  stm32f4xx_it.o(i.EXTI3_IRQHandler)
    EXTI4_IRQHandler                         0x08000a95   Thumb Code     6  stm32f4xx_it.o(i.EXTI4_IRQHandler)
    HAL_DMA_IRQHandler                       0x08000a9d   Thumb Code   412  stm32f4xx_hal_dma.o(i.HAL_DMA_IRQHandler)
    HAL_DMA_Init                             0x08000c3d   Thumb Code   116  stm32f4xx_hal_dma.o(i.HAL_DMA_Init)
    HAL_Delay                                0x08000cb5   Thumb Code    22  stm32f4xx_hal.o(i.HAL_Delay)
    HAL_GPIO_EXTI_Callback                   0x08000ccb   Thumb Code     2  stm32f4xx_hal_gpio.o(i.HAL_GPIO_EXTI_Callback)
    HAL_GPIO_EXTI_IRQHandler                 0x08000ccd   Thumb Code    18  stm32f4xx_hal_gpio.o(i.HAL_GPIO_EXTI_IRQHandler)
    HAL_GPIO_Init                            0x08000ce5   Thumb Code   398  stm32f4xx_hal_gpio.o(i.HAL_GPIO_Init)
    HAL_GPIO_TogglePin                       0x08000ea5   Thumb Code     8  stm32f4xx_hal_gpio.o(i.HAL_GPIO_TogglePin)
    HAL_GPIO_WritePin                        0x08000ead   Thumb Code    10  stm32f4xx_hal_gpio.o(i.HAL_GPIO_WritePin)
    HAL_GetTick                              0x08000eb9   Thumb Code     6  stm32f4xx_hal.o(i.HAL_GetTick)
    HAL_I2C_AddrCallback                     0x08000ec5   Thumb Code     2  stm32f4xx_hal_i2c.o(i.HAL_I2C_AddrCallback)
    HAL_I2C_EV_IRQHandler                    0x08000ec7   Thumb Code   488  stm32f4xx_hal_i2c.o(i.HAL_I2C_EV_IRQHandler)
    HAL_I2C_Init                             0x080010b1   Thumb Code   254  stm32f4xx_hal_i2c.o(i.HAL_I2C_Init)
    HAL_I2C_ListenCpltCallback               0x080011b9   Thumb Code     2  stm32f4xx_hal_i2c.o(i.HAL_I2C_ListenCpltCallback)
    HAL_I2C_MasterRxCpltCallback             0x080011bb   Thumb Code     2  stm32f4xx_hal_i2c.o(i.HAL_I2C_MasterRxCpltCallback)
    HAL_I2C_MasterTxCpltCallback             0x080011bd   Thumb Code     2  stm32f4xx_hal_i2c.o(i.HAL_I2C_MasterTxCpltCallback)
    HAL_I2C_Master_Receive                   0x080011c1   Thumb Code   456  stm32f4xx_hal_i2c.o(i.HAL_I2C_Master_Receive)
    HAL_I2C_Master_Transmit                  0x08001395   Thumb Code   306  stm32f4xx_hal_i2c.o(i.HAL_I2C_Master_Transmit)
    HAL_I2C_MemRxCpltCallback                0x080014d1   Thumb Code     2  stm32f4xx_hal_i2c.o(i.HAL_I2C_MemRxCpltCallback)
    HAL_I2C_MemTxCpltCallback                0x080014d3   Thumb Code     2  stm32f4xx_hal_i2c.o(i.HAL_I2C_MemTxCpltCallback)
    HAL_I2C_Mem_Read                         0x080014d5   Thumb Code   456  stm32f4xx_hal_i2c.o(i.HAL_I2C_Mem_Read)
    HAL_I2C_MspInit                          0x080016a9   Thumb Code   166  stm32f4xx_hal_msp.o(i.HAL_I2C_MspInit)
    HAL_I2C_SlaveRxCpltCallback              0x08001769   Thumb Code     2  stm32f4xx_hal_i2c.o(i.HAL_I2C_SlaveRxCpltCallback)
    HAL_I2C_SlaveTxCpltCallback              0x0800176b   Thumb Code     2  stm32f4xx_hal_i2c.o(i.HAL_I2C_SlaveTxCpltCallback)
    HAL_IncTick                              0x0800176d   Thumb Code    10  stm32f4xx_hal.o(i.HAL_IncTick)
    HAL_Init                                 0x0800177d   Thumb Code    48  stm32f4xx_hal.o(i.HAL_Init)
    HAL_InitTick                             0x080017b1   Thumb Code    34  stm32f4xx_hal.o(i.HAL_InitTick)
    HAL_MspInit                              0x080017d3   Thumb Code    68  stm32f4xx_hal_msp.o(i.HAL_MspInit)
    HAL_NVIC_EnableIRQ                       0x08001817   Thumb Code    22  stm32f4xx_hal_cortex.o(i.HAL_NVIC_EnableIRQ)
    HAL_NVIC_SetPriority                     0x0800182d   Thumb Code    60  stm32f4xx_hal_cortex.o(i.HAL_NVIC_SetPriority)
    HAL_NVIC_SetPriorityGrouping             0x0800186d   Thumb Code    26  stm32f4xx_hal_cortex.o(i.HAL_NVIC_SetPriorityGrouping)
    HAL_RCC_ClockConfig                      0x08001891   Thumb Code   312  stm32f4xx_hal_rcc.o(i.HAL_RCC_ClockConfig)
    HAL_RCC_GetHCLKFreq                      0x080019d1   Thumb Code    38  stm32f4xx_hal_rcc.o(i.HAL_RCC_GetHCLKFreq)
    HAL_RCC_GetPCLK1Freq                     0x08001a05   Thumb Code    36  stm32f4xx_hal_rcc.o(i.HAL_RCC_GetPCLK1Freq)
    HAL_RCC_GetPCLK2Freq                     0x08001a31   Thumb Code    36  stm32f4xx_hal_rcc.o(i.HAL_RCC_GetPCLK2Freq)
    HAL_RCC_GetSysClockFreq                  0x08001a5d   Thumb Code   104  stm32f4xx_hal_rcc.o(i.HAL_RCC_GetSysClockFreq)
    HAL_RCC_OscConfig                        0x08001acd   Thumb Code   722  stm32f4xx_hal_rcc.o(i.HAL_RCC_OscConfig)
    HAL_SYSTICK_CLKSourceConfig              0x08001db1   Thumb Code    24  stm32f4xx_hal_cortex.o(i.HAL_SYSTICK_CLKSourceConfig)
    HAL_SYSTICK_Callback                     0x08001dc9   Thumb Code     2  stm32f4xx_hal_cortex.o(i.HAL_SYSTICK_Callback)
    HAL_SYSTICK_Config                       0x08001dcb   Thumb Code    40  stm32f4xx_hal_cortex.o(i.HAL_SYSTICK_Config)
    HAL_SYSTICK_IRQHandler                   0x08001df3   Thumb Code     8  stm32f4xx_hal_cortex.o(i.HAL_SYSTICK_IRQHandler)
    HAL_TIMEx_BreakCallback                  0x08001dfb   Thumb Code     2  stm32f4xx_hal_tim_ex.o(i.HAL_TIMEx_BreakCallback)
    HAL_TIMEx_CommutationCallback            0x08001dfd   Thumb Code     2  stm32f4xx_hal_tim_ex.o(i.HAL_TIMEx_CommutationCallback)
    HAL_TIMEx_MasterConfigSynchronization    0x08001dff   Thumb Code    80  stm32f4xx_hal_tim_ex.o(i.HAL_TIMEx_MasterConfigSynchronization)
    HAL_TIM_Base_Init                        0x08001e4f   Thumb Code    54  stm32f4xx_hal_tim.o(i.HAL_TIM_Base_Init)
    HAL_TIM_Base_MspInit                     0x08001e85   Thumb Code   156  stm32f4xx_hal_msp.o(i.HAL_TIM_Base_MspInit)
    HAL_TIM_ConfigClockSource                0x08001f35   Thumb Code   242  stm32f4xx_hal_tim.o(i.HAL_TIM_ConfigClockSource)
    HAL_TIM_IC_CaptureCallback               0x08002029   Thumb Code   716  fs_ia6b.o(i.HAL_TIM_IC_CaptureCallback)
    HAL_TIM_IC_ConfigChannel                 0x0800235d   Thumb Code   286  stm32f4xx_hal_tim.o(i.HAL_TIM_IC_ConfigChannel)
    HAL_TIM_IC_Init                          0x0800247b   Thumb Code    54  stm32f4xx_hal_tim.o(i.HAL_TIM_IC_Init)
    HAL_TIM_IC_MspInit                       0x080024b1   Thumb Code     2  stm32f4xx_hal_tim.o(i.HAL_TIM_IC_MspInit)
    HAL_TIM_IC_Start_IT                      0x080024b3   Thumb Code    76  stm32f4xx_hal_tim.o(i.HAL_TIM_IC_Start_IT)
    HAL_TIM_IRQHandler                       0x080024ff   Thumb Code   358  stm32f4xx_hal_tim.o(i.HAL_TIM_IRQHandler)
    HAL_TIM_MspPostInit                      0x08002665   Thumb Code    44  stm32f4xx_hal_msp.o(i.HAL_TIM_MspPostInit)
    HAL_TIM_OC_DelayElapsedCallback          0x08002699   Thumb Code     2  stm32f4xx_hal_tim.o(i.HAL_TIM_OC_DelayElapsedCallback)
    HAL_TIM_PWM_ConfigChannel                0x0800269b   Thumb Code   208  stm32f4xx_hal_tim.o(i.HAL_TIM_PWM_ConfigChannel)
    HAL_TIM_PWM_Init                         0x0800276b   Thumb Code    54  stm32f4xx_hal_tim.o(i.HAL_TIM_PWM_Init)
    HAL_TIM_PWM_MspInit                      0x080027a1   Thumb Code     2  stm32f4xx_hal_tim.o(i.HAL_TIM_PWM_MspInit)
    HAL_TIM_PWM_PulseFinishedCallback        0x080027a3   Thumb Code     2  stm32f4xx_hal_tim.o(i.HAL_TIM_PWM_PulseFinishedCallback)
    HAL_TIM_PWM_Start                        0x080027a5   Thumb Code    48  stm32f4xx_hal_tim.o(i.HAL_TIM_PWM_Start)
    HAL_TIM_PeriodElapsedCallback            0x080027dd   Thumb Code     2  stm32f4xx_hal_tim.o(i.HAL_TIM_PeriodElapsedCallback)
    HAL_TIM_ReadCapturedValue                0x080027df   Thumb Code    68  stm32f4xx_hal_tim.o(i.HAL_TIM_ReadCapturedValue)
    HAL_TIM_TriggerCallback                  0x08002823   Thumb Code     2  stm32f4xx_hal_tim.o(i.HAL_TIM_TriggerCallback)
    HAL_UART_ErrorCallback                   0x08002825   Thumb Code     2  stm32f4xx_hal_uart.o(i.HAL_UART_ErrorCallback)
    HAL_UART_IRQHandler                      0x08002827   Thumb Code   232  stm32f4xx_hal_uart.o(i.HAL_UART_IRQHandler)
    HAL_UART_Init                            0x0800290f   Thumb Code    98  stm32f4xx_hal_uart.o(i.HAL_UART_Init)
    HAL_UART_MspInit                         0x08002971   Thumb Code   302  stm32f4xx_hal_msp.o(i.HAL_UART_MspInit)
    HAL_UART_Receive_IT                      0x08002acd   Thumb Code    88  stm32f4xx_hal_uart.o(i.HAL_UART_Receive_IT)
    HAL_UART_RxCpltCallback                  0x08002b25   Thumb Code    16  main.o(i.HAL_UART_RxCpltCallback)
    HAL_UART_Transmit                        0x08002b39   Thumb Code   170  stm32f4xx_hal_uart.o(i.HAL_UART_Transmit)
    HAL_UART_TxCpltCallback                  0x08002be3   Thumb Code     2  stm32f4xx_hal_uart.o(i.HAL_UART_TxCpltCallback)
    HMC5883L_Config                          0x08002be5   Thumb Code    36  sensor_func.o(i.HMC5883L_Config)
    HMC5883L_Get_Mag_RawData                 0x08002c09   Thumb Code    62  sensor_func.o(i.HMC5883L_Get_Mag_RawData)
    HardFault_Handler                        0x08002c4d   Thumb Code     2  stm32f4xx_it.o(i.HardFault_Handler)
    I2C1_EV_IRQHandler                       0x08002c51   Thumb Code     6  stm32f4xx_it.o(i.I2C1_EV_IRQHandler)
    I2C_Read                                 0x0800300d   Thumb Code    52  i2c_com.o(i.I2C_Read)
    I2C_Write8                               0x08003371   Thumb Code    30  i2c_com.o(i.I2C_Write8)
    MPU6050_Config                           0x08003395   Thumb Code   124  sensor_func.o(i.MPU6050_Config)
    MPU6050_Get_Accel_RawData                0x08003411   Thumb Code    86  sensor_func.o(i.MPU6050_Get_Accel_RawData)
    MPU6050_Get_Gyro_RawData                 0x0800346d   Thumb Code    60  sensor_func.o(i.MPU6050_Get_Gyro_RawData)
    MPU6050_Get_Temp                         0x080034ad   Thumb Code    36  sensor_func.o(i.MPU6050_Get_Temp)
    MPU6050_Set_SMPRT_DIV                    0x080034d5   Thumb Code    10  sensor_func.o(i.MPU6050_Set_SMPRT_DIV)
    MS5611ReadLong                           0x080034e1   Thumb Code    64  i2c_com.o(i.MS5611ReadLong)
    MS5611ReadShort                          0x08003525   Thumb Code    50  i2c_com.o(i.MS5611ReadShort)
    MS5611WriteByte                          0x0800355d   Thumb Code    24  i2c_com.o(i.MS5611WriteByte)
    MS5611_Init                              0x08003579   Thumb Code    66  sensor_func.o(i.MS5611_Init)
    MX_USART1_UART_Init                      0x08003859   Thumb Code    32  main.o(i.MX_USART1_UART_Init)
    MemManage_Handler                        0x08003881   Thumb Code     2  stm32f4xx_it.o(i.MemManage_Handler)
    NMI_Handler                              0x08003883   Thumb Code     2  stm32f4xx_it.o(i.NMI_Handler)
    SysTick_Handler                          0x080038a5   Thumb Code    28  stm32f4xx_it.o(i.SysTick_Handler)
    SystemClock_Config                       0x080038c5   Thumb Code   138  main.o(i.SystemClock_Config)
    SystemInit                               0x08003959   Thumb Code    66  system_stm32f4xx.o(i.SystemInit)
    TIM2_IRQHandler                          0x080039ad   Thumb Code     6  stm32f4xx_it.o(i.TIM2_IRQHandler)
    TIM4_IRQHandler                          0x080039b9   Thumb Code     6  stm32f4xx_it.o(i.TIM4_IRQHandler)
    TIM_Base_SetConfig                       0x080039c5   Thumb Code   148  stm32f4xx_hal_tim.o(i.TIM_Base_SetConfig)
    TIM_CCxChannelCmd                        0x08003a85   Thumb Code    22  stm32f4xx_hal_tim.o(i.TIM_CCxChannelCmd)
    TIM_OC2_SetConfig                        0x08003b19   Thumb Code    90  stm32f4xx_hal_tim.o(i.TIM_OC2_SetConfig)
    TIM_TI1_SetConfig                        0x08003c51   Thumb Code   104  stm32f4xx_hal_tim.o(i.TIM_TI1_SetConfig)
    USART1_IRQHandler                        0x08004169   Thumb Code     6  stm32f4xx_it.o(i.USART1_IRQHandler)
    USART2_IRQHandler                        0x08004175   Thumb Code     6  stm32f4xx_it.o(i.USART2_IRQHandler)
    UsageFault_Handler                       0x08004181   Thumb Code     2  stm32f4xx_it.o(i.UsageFault_Handler)
    __0sprintf                               0x08004185   Thumb Code    34  printfa.o(i.__0sprintf)
    __1sprintf                               0x08004185   Thumb Code     0  printfa.o(i.__0sprintf)
    __2sprintf                               0x08004185   Thumb Code     0  printfa.o(i.__0sprintf)
    __c89sprintf                             0x08004185   Thumb Code     0  printfa.o(i.__0sprintf)
    sprintf                                  0x08004185   Thumb Code     0  printfa.o(i.__0sprintf)
    __ARM_fpclassify                         0x080041ad   Thumb Code    48  fpclassify.o(i.__ARM_fpclassify)
    __hardfp_asin                            0x080041e1   Thumb Code   770  asin.o(i.__hardfp_asin)
    __hardfp_atan                            0x08004541   Thumb Code   622  atan.o(i.__hardfp_atan)
    __hardfp_atan2                           0x08004819   Thumb Code   432  atan2.o(i.__hardfp_atan2)
    __hardfp_cos                             0x08004a09   Thumb Code   180  cos.o(i.__hardfp_cos)
    __hardfp_pow                             0x08004ad1   Thumb Code  3072  pow.o(i.__hardfp_pow)
    __hardfp_sin                             0x08005721   Thumb Code   180  sin.o(i.__hardfp_sin)
    __hardfp_sqrt                            0x080057e9   Thumb Code   122  sqrt.o(i.__hardfp_sqrt)
    __ieee754_rem_pio2                       0x08005869   Thumb Code   938  rred.o(i.__ieee754_rem_pio2)
    __kernel_cos                             0x08005ca1   Thumb Code   322  cos_i.o(i.__kernel_cos)
    __kernel_poly                            0x08005e11   Thumb Code   248  poly.o(i.__kernel_poly)
    __kernel_sin                             0x08005f09   Thumb Code   280  sin_i.o(i.__kernel_sin)
    __mathlib_dbl_divzero                    0x08006039   Thumb Code    28  dunder.o(i.__mathlib_dbl_divzero)
    __mathlib_dbl_infnan                     0x08006069   Thumb Code    20  dunder.o(i.__mathlib_dbl_infnan)
    __mathlib_dbl_infnan2                    0x0800607d   Thumb Code    20  dunder.o(i.__mathlib_dbl_infnan2)
    __mathlib_dbl_invalid                    0x08006091   Thumb Code    24  dunder.o(i.__mathlib_dbl_invalid)
    __mathlib_dbl_overflow                   0x080060b1   Thumb Code    24  dunder.o(i.__mathlib_dbl_overflow)
    __mathlib_dbl_underflow                  0x080060d1   Thumb Code    24  dunder.o(i.__mathlib_dbl_underflow)
    __scatterload_copy                       0x080060f1   Thumb Code    14  handlers.o(i.__scatterload_copy)
    __scatterload_null                       0x080060ff   Thumb Code     2  handlers.o(i.__scatterload_null)
    __scatterload_zeroinit                   0x08006101   Thumb Code    14  handlers.o(i.__scatterload_zeroinit)
    __set_errno                              0x08006111   Thumb Code     6  errno.o(i.__set_errno)
    atan                                     0x080069b9   Thumb Code    16  atan.o(i.atan)
    calcChecksum                             0x080069c9   Thumb Code    30  main.o(i.calcChecksum)
    calculate_altitude_pid                   0x080069ed   Thumb Code   542  pid.o(i.calculate_altitude_pid)
    calculate_pid                            0x08006c81   Thumb Code   590  pid.o(i.calculate_pid)
    course_deviation                         0x08006f49   Thumb Code    74  main.o(i.course_deviation)
    fabs                                     0x08006fa1   Thumb Code    24  fabs.o(i.fabs)
    getCurrentMicros                         0x08006fb9   Thumb Code    68  main.o(i.getCurrentMicros)
    main                                     0x08006ffd   Thumb Code  6700  main.o(i.main)
    processGPS                               0x08008ab1   Thumb Code   126  main.o(i.processGPS)
    read_compass                             0x08008b41   Thumb Code   664  main.o(i.read_compass)
    return_to_home                           0x08008e09   Thumb Code   566  main.o(i.return_to_home)
    setup_compass                            0x0800906d   Thumb Code   228  main.o(i.setup_compass)
    sqrt                                     0x08009155   Thumb Code   110  sqrt.o(i.sqrt)
    start_stop_takeoff                       0x080091c5   Thumb Code   314  main.o(i.start_stop_takeoff)
    UBX_HEADER                               0x08009308   Data           2  main.o(.constdata)
    APBAHBPrescTable                         0x08009312   Data          16  stm32f4xx_hal_rcc.o(.constdata)
    __mathlib_zero                           0x080094c8   Data           8  qnan.o(.constdata)
    Region$$Table$$Base                      0x080095c0   Number         0  anon$$obj.o(Region$$Table)
    Region$$Table$$Limit                     0x080095e0   Number         0  anon$$obj.o(Region$$Table)
    start                                    0x20000000   Data           1  main.o(.data)
    check                                    0x20000001   Data           1  main.o(.data)
    flight_mode                              0x20000002   Data           1  main.o(.data)
    takeoff_detected                         0x20000003   Data           1  main.o(.data)
    TempCount                                0x20000004   Data           1  main.o(.data)
    MSCount                                  0x20000005   Data           1  main.o(.data)
    heading_lock                             0x20000006   Data           1  main.o(.data)
    read_serial_byte                         0x20000007   Data           1  main.o(.data)
    number_used_sats                         0x20000008   Data           1  main.o(.data)
    waypoint_set                             0x20000009   Data           1  main.o(.data)
    new_gps_data_available                   0x2000000a   Data           1  main.o(.data)
    gps_rotating_mem_location                0x2000000b   Data           1  main.o(.data)
    return_to_home_step                      0x2000000c   Data           1  main.o(.data)
    home_point_recorded                      0x2000000d   Data           1  main.o(.data)
    compass_calibration_on                   0x2000000e   Data           1  main.o(.data)
    average_temperature_mem_location         0x2000000f   Data           1  main.o(.data)
    pressure_rotating_mem_location           0x20000010   Data           1  main.o(.data)
    tele_time                                0x20000012   Data           2  main.o(.data)
    k                                        0x20000014   Data           2  main.o(.data)
    throttle                                 0x20000016   Data           2  main.o(.data)
    takeoff_throttle                         0x20000018   Data           2  main.o(.data)
    esc_1                                    0x2000001a   Data           2  main.o(.data)
    esc_2                                    0x2000001c   Data           2  main.o(.data)
    esc_3                                    0x2000001e   Data           2  main.o(.data)
    esc_4                                    0x20000020   Data           2  main.o(.data)
    motor_idle_speed                         0x20000022   Data           2  main.o(.data)
    manual_throttle                          0x20000024   Data           2  main.o(.data)
    compass_cal_values_0                     0x20000026   Data           2  main.o(.data)
    compass_cal_values_1                     0x20000028   Data           2  main.o(.data)
    compass_cal_values_2                     0x2000002a   Data           2  main.o(.data)
    compass_cal_values_3                     0x2000002c   Data           2  main.o(.data)
    compass_cal_values_4                     0x2000002e   Data           2  main.o(.data)
    compass_cal_values_5                     0x20000030   Data           2  main.o(.data)
    temperature                              0x20000032   Data           2  main.o(.data)
    compass_offset_x                         0x20000036   Data           2  main.o(.data)
    compass_offset_y                         0x20000038   Data           2  main.o(.data)
    compass_offset_z                         0x2000003a   Data           2  main.o(.data)
    time                                     0x2000003c   Data           4  main.o(.data)
    loop                                     0x20000040   Data           4  main.o(.data)
    PI                                       0x20000044   Data           4  main.o(.data)
    dt                                       0x20000048   Data           4  main.o(.data)
    gyro_roll_cal                            0x2000004c   Data           4  main.o(.data)
    gyro_pitch_cal                           0x20000050   Data           4  main.o(.data)
    gyro_yaw_cal                             0x20000054   Data           4  main.o(.data)
    accel_roll_cal                           0x20000058   Data           4  main.o(.data)
    accel_pitch_cal                          0x2000005c   Data           4  main.o(.data)
    accel_roll_cal_1                         0x20000060   Data           4  main.o(.data)
    accel_pitch_cal_1                        0x20000064   Data           4  main.o(.data)
    accel_yaw_cal_1                          0x20000068   Data           4  main.o(.data)
    Total_acc                                0x2000006c   Data           4  main.o(.data)
    roll                                     0x20000070   Data           4  main.o(.data)
    pitch                                    0x20000074   Data           4  main.o(.data)
    yaw                                      0x20000078   Data           4  main.o(.data)
    rollangle_acc                            0x2000007c   Data           4  main.o(.data)
    pitchangle_acc                           0x20000080   Data           4  main.o(.data)
    roll_level_adjust                        0x20000084   Data           4  main.o(.data)
    pitch_level_adjust                       0x20000088   Data           4  main.o(.data)
    Xh                                       0x2000008c   Data           4  main.o(.data)
    Yh                                       0x20000090   Data           4  main.o(.data)
    Heading                                  0x20000094   Data           4  main.o(.data)
    declinationAngle                         0x20000098   Data           4  main.o(.data)
    course_lock_heading                      0x2000009c   Data           4  main.o(.data)
    heading_lock_course_deviation            0x200000a0   Data           4  main.o(.data)
    actual_pressure                          0x200000a4   Data           4  main.o(.data)
    ground_pressure                          0x200000a8   Data           4  main.o(.data)
    return_to_home_decrease                  0x200000ac   Data           4  main.o(.data)
    t                                        0x200000b0   Data           4  main.o(.data)
    p                                        0x200000b4   Data           4  main.o(.data)
    pid_altitude_setpoint                    0x200000b8   Data           4  main.o(.data)
    pid_output_altitude                      0x200000bc   Data           4  main.o(.data)
    pid_i_mem_roll                           0x200000c0   Data           4  main.o(.data)
    pid_last_roll_d_error                    0x200000c4   Data           4  main.o(.data)
    pid_i_mem_pitch                          0x200000c8   Data           4  main.o(.data)
    pid_last_pitch_d_error                   0x200000cc   Data           4  main.o(.data)
    pid_i_mem_yaw                            0x200000d0   Data           4  main.o(.data)
    pid_last_yaw_d_error                     0x200000d4   Data           4  main.o(.data)
    pid_roll_setpoint                        0x200000d8   Data           4  main.o(.data)
    pid_pitch_setpoint                       0x200000dc   Data           4  main.o(.data)
    pid_yaw_setpoint                         0x200000e0   Data           4  main.o(.data)
    gyro_roll_input                          0x200000e4   Data           4  main.o(.data)
    gyro_pitch_input                         0x200000e8   Data           4  main.o(.data)
    gyro_yaw_input                           0x200000ec   Data           4  main.o(.data)
    pid_output_roll                          0x200000f0   Data           4  main.o(.data)
    pid_output_pitch                         0x200000f4   Data           4  main.o(.data)
    pid_output_yaw                           0x200000f8   Data           4  main.o(.data)
    gps_p_gain                               0x200000fc   Data           4  main.o(.data)
    gps_i_gain                               0x20000100   Data           4  main.o(.data)
    gps_d_gain                               0x20000104   Data           4  main.o(.data)
    channel_1                                0x20000108   Data           4  main.o(.data)
    channel_2                                0x2000010c   Data           4  main.o(.data)
    channel_3                                0x20000110   Data           4  main.o(.data)
    channel_4                                0x20000114   Data           4  main.o(.data)
    channel_5                                0x20000118   Data           4  main.o(.data)
    channel_6                                0x2000011c   Data           4  main.o(.data)
    channel_1_base                           0x20000120   Data           4  main.o(.data)
    channel_2_base                           0x20000124   Data           4  main.o(.data)
    pid_roll_setpoint_base                   0x20000128   Data           4  main.o(.data)
    pid_pitch_setpoint_base                  0x2000012c   Data           4  main.o(.data)
    lat_gps                                  0x20000134   Data           4  main.o(.data)
    lon_gps                                  0x20000138   Data           4  main.o(.data)
    v_gps                                    0x2000013c   Data           4  main.o(.data)
    lat_gps_actual                           0x20000140   Data           4  main.o(.data)
    lon_gps_actual                           0x20000144   Data           4  main.o(.data)
    l_lat_waypoint                           0x20000148   Data           4  main.o(.data)
    l_lon_waypoint                           0x2000014c   Data           4  main.o(.data)
    gps_pitch_adjust_north                   0x20000150   Data           4  main.o(.data)
    gps_pitch_adjust                         0x20000154   Data           4  main.o(.data)
    gps_roll_adjust_north                    0x20000158   Data           4  main.o(.data)
    gps_roll_adjust                          0x2000015c   Data           4  main.o(.data)
    gps_lat_total_avarage                    0x20000160   Data           4  main.o(.data)
    gps_lon_total_avarage                    0x20000164   Data           4  main.o(.data)
    gps_lat_error                            0x20000168   Data           4  main.o(.data)
    gps_lon_error                            0x2000016c   Data           4  main.o(.data)
    pid_i_lat_gps                            0x20000170   Data           4  main.o(.data)
    pid_i_lon_gps                            0x20000174   Data           4  main.o(.data)
    gps_lat_error_previous                   0x20000178   Data           4  main.o(.data)
    gps_lon_error_previous                   0x2000017c   Data           4  main.o(.data)
    gps_watchdog_timer                       0x20000180   Data           4  main.o(.data)
    l_lon_gps_float_adjust                   0x20000184   Data           4  main.o(.data)
    l_lat_gps_float_adjust                   0x20000188   Data           4  main.o(.data)
    gps_man_adjust_heading                   0x2000018c   Data           4  main.o(.data)
    return_to_home_lat_factor                0x20000190   Data           4  main.o(.data)
    return_to_home_lon_factor                0x20000194   Data           4  main.o(.data)
    return_to_home_move_factor               0x20000198   Data           4  main.o(.data)
    lat_gps_home                             0x2000019c   Data           4  main.o(.data)
    lon_gps_home                             0x200001a0   Data           4  main.o(.data)
    compass_scale_y                          0x200001a4   Data           4  main.o(.data)
    compass_scale_z                          0x200001a8   Data           4  main.o(.data)
    D1                                       0x200001ac   Data           4  main.o(.data)
    D2                                       0x200001b0   Data           4  main.o(.data)
    dT                                       0x200001b4   Data           4  main.o(.data)
    TEMP                                     0x200001b8   Data           4  main.o(.data)
    raw_average_temperature_total            0x200001bc   Data           4  main.o(.data)
    actual_pressure_slow                     0x200001c0   Data           4  main.o(.data)
    actual_pressure_fast                     0x200001c4   Data           4  main.o(.data)
    actual_pressure_diff                     0x200001c8   Data           4  main.o(.data)
    pressure_total_avarage                   0x200001cc   Data           4  main.o(.data)
    myAccelRaw                               0x200001d0   Data           6  main.o(.data)
    myGyroRaw                                0x200001d6   Data           6  main.o(.data)
    myMagRaw                                 0x200001dc   Data           6  main.o(.data)
    OFF                                      0x200001e8   Data           8  main.o(.data)
    SENS                                     0x200001f0   Data           8  main.o(.data)
    ConState                                 0x200001f8   Data           4  main.o(.data)
    manual_altitude_change                   0x200001fc   Data           1  main.o(.data)
    pid_i_mem_altitude                       0x20000200   Data           4  main.o(.data)
    pid_altitude_input                       0x20000204   Data           4  main.o(.data)
    pid_error_gain_altitude                  0x20000208   Data           4  main.o(.data)
    pid_error_temp_roll                      0x2000020c   Data           4  main.o(.data)
    pid_error_temp_pitch                     0x20000210   Data           4  main.o(.data)
    pid_error_temp_yaw                       0x20000214   Data           4  main.o(.data)
    pid_p_gain_roll                          0x20000218   Data           4  main.o(.data)
    pid_i_gain_roll                          0x2000021c   Data           4  main.o(.data)
    pid_d_gain_roll                          0x20000220   Data           4  main.o(.data)
    pid_max_roll                             0x20000224   Data           4  main.o(.data)
    pid_p_gain_pitch                         0x20000228   Data           4  main.o(.data)
    pid_i_gain_pitch                         0x2000022c   Data           4  main.o(.data)
    pid_d_gain_pitch                         0x20000230   Data           4  main.o(.data)
    pid_max_pitch                            0x20000234   Data           4  main.o(.data)
    pid_p_gain_yaw                           0x20000238   Data           4  main.o(.data)
    pid_i_gain_yaw                           0x2000023c   Data           4  main.o(.data)
    pid_d_gain_yaw                           0x20000240   Data           4  main.o(.data)
    pid_max_yaw                              0x20000244   Data           4  main.o(.data)
    pid_p_gain_altitude                      0x20000248   Data           4  main.o(.data)
    pid_i_gain_altitude                      0x2000024c   Data           4  main.o(.data)
    pid_d_gain_altitude                      0x20000250   Data           4  main.o(.data)
    pid_max_altitude                         0x20000254   Data           4  main.o(.data)
    pid_error_temp                           0x20000258   Data           4  main.o(.data)
    Is_First_Captured_1                      0x2000025c   Data           1  main.o(.data)
    Is_First_Captured_2                      0x2000025d   Data           1  main.o(.data)
    Is_First_Captured_3                      0x2000025e   Data           1  main.o(.data)
    Is_First_Captured_4                      0x2000025f   Data           1  main.o(.data)
    Is_First_Captured_5                      0x20000260   Data           1  main.o(.data)
    Is_First_Captured_6                      0x20000261   Data           1  main.o(.data)
    parachute_rotating_mem_location          0x20000262   Data           1  main.o(.data)
    parachute_throttle                       0x20000264   Data           4  main.o(.data)
    pressure_parachute_previous              0x20000268   Data           4  main.o(.data)
    channel_1_start                          0x2000026c   Data           4  main.o(.data)
    channel_2_start                          0x20000270   Data           4  main.o(.data)
    channel_3_start                          0x20000274   Data           4  main.o(.data)
    channel_4_start                          0x20000278   Data           4  main.o(.data)
    channel_5_start                          0x2000027c   Data           4  main.o(.data)
    channel_6_start                          0x20000280   Data           4  main.o(.data)
    channel_1_end                            0x20000284   Data           4  main.o(.data)
    channel_2_end                            0x20000288   Data           4  main.o(.data)
    channel_3_end                            0x2000028c   Data           4  main.o(.data)
    channel_4_end                            0x20000290   Data           4  main.o(.data)
    channel_5_end                            0x20000294   Data           4  main.o(.data)
    channel_6_end                            0x20000298   Data           4  main.o(.data)
    SystemCoreClock                          0x2000029c   Data           4  system_stm32f4xx.o(.data)
    uwTick                                   0x200002a0   Data           4  stm32f4xx_hal.o(.data)
    hi2c1                                    0x200002a8   Data          68  main.o(.bss)
    htim2                                    0x200002ec   Data          60  main.o(.bss)
    htim3                                    0x20000328   Data          60  main.o(.bss)
    htim4                                    0x20000364   Data          60  main.o(.bss)
    huart1                                   0x200003a0   Data          64  main.o(.bss)
    huart2                                   0x200003e0   Data          64  main.o(.bss)
    gps_lat_rotating_mem                     0x20000420   Data         160  main.o(.bss)
    gps_lon_rotating_mem                     0x200004c0   Data         160  main.o(.bss)
    Manual_gyro_cal_raw_value                0x20000560   Data          12  main.o(.bss)
    Manual_accel_cal_raw_value               0x2000056c   Data          12  main.o(.bss)
    myGyroScaled                             0x20000578   Data          12  main.o(.bss)
    myAccelScaled                            0x20000584   Data          12  main.o(.bss)
    C                                        0x20000590   Data          14  main.o(.bss)
    raw_temperature_rotating_memory          0x200005a0   Data          24  main.o(.bss)
    pressure_rotating_mem                    0x200005b8   Data         200  main.o(.bss)
    pvt                                      0x20000680   Data          96  main.o(.bss)
    hdma_i2c1_rx                             0x200006e0   Data          88  main.o(.bss)
    hdma_i2c1_tx                             0x20000738   Data          88  main.o(.bss)
    hdma_usart1_rx                           0x20000790   Data          88  main.o(.bss)
    hdma_usart1_tx                           0x200007e8   Data          88  main.o(.bss)
    hdma_usart2_rx                           0x20000840   Data          88  main.o(.bss)
    hdma_usart2_tx                           0x20000898   Data          88  main.o(.bss)
    parachute_buffer                         0x200008f0   Data         140  main.o(.bss)
    __initial_sp                             0x20000d80   Data           0  startup_stm32f407xx.o(STACK)



==============================================================================

Memory Map of the image

  Image Entry point : 0x08000189

  Load Region LR_IROM1 (Base: 0x08000000, Size: 0x00009888, Max: 0x00100000, ABSOLUTE, COMPRESSED[0x00009668])

    Execution Region ER_IROM1 (Base: 0x08000000, Size: 0x000095e0, Max: 0x00100000, ABSOLUTE)

    Base Addr    Size         Type   Attr      Idx    E Section Name        Object

    0x08000000   0x00000188   Data   RO            3    RESET               startup_stm32f407xx.o
    0x08000188   0x00000000   Code   RO         3438  * .ARM.Collect$$$$00000000  mc_w.l(entry.o)
    0x08000188   0x00000004   Code   RO         3779    .ARM.Collect$$$$00000001  mc_w.l(entry2.o)
    0x0800018c   0x00000004   Code   RO         3782    .ARM.Collect$$$$00000004  mc_w.l(entry5.o)
    0x08000190   0x00000000   Code   RO         3784    .ARM.Collect$$$$00000008  mc_w.l(entry7b.o)
    0x08000190   0x00000000   Code   RO         3786    .ARM.Collect$$$$0000000A  mc_w.l(entry8b.o)
    0x08000190   0x00000008   Code   RO         3787    .ARM.Collect$$$$0000000B  mc_w.l(entry9a.o)
    0x08000198   0x00000000   Code   RO         3789    .ARM.Collect$$$$0000000D  mc_w.l(entry10a.o)
    0x08000198   0x00000000   Code   RO         3791    .ARM.Collect$$$$0000000F  mc_w.l(entry11a.o)
    0x08000198   0x00000004   Code   RO         3780    .ARM.Collect$$$$00002712  mc_w.l(entry2.o)
    0x0800019c   0x00000024   Code   RO            4    .text               startup_stm32f407xx.o
    0x080001c0   0x0000000e   Code   RO         3441    .text               mc_w.l(strlen.o)
    0x080001ce   0x0000014e   Code   RO         3704    .text               mf_w.l(dadd.o)
    0x0800031c   0x000000e4   Code   RO         3706    .text               mf_w.l(dmul.o)
    0x08000400   0x000000de   Code   RO         3708    .text               mf_w.l(ddiv.o)
    0x080004de   0x00000022   Code   RO         3710    .text               mf_w.l(dflti.o)
    0x08000500   0x0000001a   Code   RO         3712    .text               mf_w.l(dfltui.o)
    0x0800051a   0x00000028   Code   RO         3714    .text               mf_w.l(dfltl.o)
    0x08000542   0x0000003e   Code   RO         3716    .text               mf_w.l(dfixi.o)
    0x08000580   0x0000004a   Code   RO         3718    .text               mf_w.l(dfixl.o)
    0x080005ca   0x00000026   Code   RO         3720    .text               mf_w.l(f2d.o)
    0x080005f0   0x00000030   Code   RO         3722    .text               mf_w.l(cdcmple.o)
    0x08000620   0x00000038   Code   RO         3724    .text               mf_w.l(d2f.o)
    0x08000658   0x0000002c   Code   RO         3796    .text               mc_w.l(uidiv.o)
    0x08000684   0x00000062   Code   RO         3798    .text               mc_w.l(uldiv.o)
    0x080006e6   0x0000001e   Code   RO         3800    .text               mc_w.l(llshl.o)
    0x08000704   0x00000020   Code   RO         3802    .text               mc_w.l(llushr.o)
    0x08000724   0x00000024   Code   RO         3804    .text               mc_w.l(llsshr.o)
    0x08000748   0x00000000   Code   RO         3813    .text               mc_w.l(iusefp.o)
    0x08000748   0x0000006e   Code   RO         3814    .text               mf_w.l(fepilogue.o)
    0x080007b6   0x000000ba   Code   RO         3816    .text               mf_w.l(depilogue.o)
    0x08000870   0x0000002e   Code   RO         3820    .text               mf_w.l(dscalb.o)
    0x0800089e   0x000000a2   Code   RO         3822    .text               mf_w.l(dsqrt.o)
    0x08000940   0x00000030   Code   RO         3824    .text               mf_w.l(dfixul.o)
    0x08000970   0x00000030   Code   RO         3826    .text               mf_w.l(cdrcmple.o)
    0x080009a0   0x00000024   Code   RO         3828    .text               mc_w.l(init.o)
    0x080009c4   0x00000056   Code   RO         3840    .text               mc_w.l(__dczerorl2.o)
    0x08000a1a   0x00000002   Code   RO          346    i.BusFault_Handler  stm32f4xx_it.o
    0x08000a1c   0x0000000c   Code   RO          347    i.DMA1_Stream0_IRQHandler  stm32f4xx_it.o
    0x08000a28   0x0000000c   Code   RO          348    i.DMA1_Stream5_IRQHandler  stm32f4xx_it.o
    0x08000a34   0x0000000c   Code   RO          349    i.DMA1_Stream6_IRQHandler  stm32f4xx_it.o
    0x08000a40   0x0000000c   Code   RO          350    i.DMA1_Stream7_IRQHandler  stm32f4xx_it.o
    0x08000a4c   0x0000000c   Code   RO          351    i.DMA2_Stream2_IRQHandler  stm32f4xx_it.o
    0x08000a58   0x0000000c   Code   RO          352    i.DMA2_Stream7_IRQHandler  stm32f4xx_it.o
    0x08000a64   0x00000028   Code   RO         3118    i.DMA_CalcBaseAndBitshift  stm32f4xx_hal_dma.o
    0x08000a8c   0x00000002   Code   RO          353    i.DebugMon_Handler  stm32f4xx_it.o
    0x08000a8e   0x00000006   Code   RO          354    i.EXTI3_IRQHandler  stm32f4xx_it.o
    0x08000a94   0x00000006   Code   RO          355    i.EXTI4_IRQHandler  stm32f4xx_it.o
    0x08000a9a   0x00000002   PAD
    0x08000a9c   0x000001a0   Code   RO         3124    i.HAL_DMA_IRQHandler  stm32f4xx_hal_dma.o
    0x08000c3c   0x00000078   Code   RO         3125    i.HAL_DMA_Init      stm32f4xx_hal_dma.o
    0x08000cb4   0x00000016   Code   RO         1515    i.HAL_Delay         stm32f4xx_hal.o
    0x08000cca   0x00000002   Code   RO         2506    i.HAL_GPIO_EXTI_Callback  stm32f4xx_hal_gpio.o
    0x08000ccc   0x00000018   Code   RO         2507    i.HAL_GPIO_EXTI_IRQHandler  stm32f4xx_hal_gpio.o
    0x08000ce4   0x000001c0   Code   RO         2508    i.HAL_GPIO_Init     stm32f4xx_hal_gpio.o
    0x08000ea4   0x00000008   Code   RO         2511    i.HAL_GPIO_TogglePin  stm32f4xx_hal_gpio.o
    0x08000eac   0x0000000a   Code   RO         2512    i.HAL_GPIO_WritePin  stm32f4xx_hal_gpio.o
    0x08000eb6   0x00000002   PAD
    0x08000eb8   0x0000000c   Code   RO         1521    i.HAL_GetTick       stm32f4xx_hal.o
    0x08000ec4   0x00000002   Code   RO         2113    i.HAL_I2C_AddrCallback  stm32f4xx_hal_i2c.o
    0x08000ec6   0x000001e8   Code   RO         2117    i.HAL_I2C_EV_IRQHandler  stm32f4xx_hal_i2c.o
    0x080010ae   0x00000002   PAD
    0x080010b0   0x00000108   Code   RO         2123    i.HAL_I2C_Init      stm32f4xx_hal_i2c.o
    0x080011b8   0x00000002   Code   RO         2125    i.HAL_I2C_ListenCpltCallback  stm32f4xx_hal_i2c.o
    0x080011ba   0x00000002   Code   RO         2126    i.HAL_I2C_MasterRxCpltCallback  stm32f4xx_hal_i2c.o
    0x080011bc   0x00000002   Code   RO         2127    i.HAL_I2C_MasterTxCpltCallback  stm32f4xx_hal_i2c.o
    0x080011be   0x00000002   PAD
    0x080011c0   0x000001d4   Code   RO         2129    i.HAL_I2C_Master_Receive  stm32f4xx_hal_i2c.o
    0x08001394   0x0000013c   Code   RO         2134    i.HAL_I2C_Master_Transmit  stm32f4xx_hal_i2c.o
    0x080014d0   0x00000002   Code   RO         2137    i.HAL_I2C_MemRxCpltCallback  stm32f4xx_hal_i2c.o
    0x080014d2   0x00000002   Code   RO         2138    i.HAL_I2C_MemTxCpltCallback  stm32f4xx_hal_i2c.o
    0x080014d4   0x000001d4   Code   RO         2139    i.HAL_I2C_Mem_Read  stm32f4xx_hal_i2c.o
    0x080016a8   0x000000c0   Code   RO          489    i.HAL_I2C_MspInit   stm32f4xx_hal_msp.o
    0x08001768   0x00000002   Code   RO         2147    i.HAL_I2C_SlaveRxCpltCallback  stm32f4xx_hal_i2c.o
    0x0800176a   0x00000002   Code   RO         2148    i.HAL_I2C_SlaveTxCpltCallback  stm32f4xx_hal_i2c.o
    0x0800176c   0x00000010   Code   RO         1522    i.HAL_IncTick       stm32f4xx_hal.o
    0x0800177c   0x00000034   Code   RO         1523    i.HAL_Init          stm32f4xx_hal.o
    0x080017b0   0x00000022   Code   RO         1524    i.HAL_InitTick      stm32f4xx_hal.o
    0x080017d2   0x00000044   Code   RO          490    i.HAL_MspInit       stm32f4xx_hal_msp.o
    0x08001816   0x00000016   Code   RO         1993    i.HAL_NVIC_EnableIRQ  stm32f4xx_hal_cortex.o
    0x0800182c   0x00000040   Code   RO         1999    i.HAL_NVIC_SetPriority  stm32f4xx_hal_cortex.o
    0x0800186c   0x00000024   Code   RO         2000    i.HAL_NVIC_SetPriorityGrouping  stm32f4xx_hal_cortex.o
    0x08001890   0x00000140   Code   RO         3261    i.HAL_RCC_ClockConfig  stm32f4xx_hal_rcc.o
    0x080019d0   0x00000034   Code   RO         3266    i.HAL_RCC_GetHCLKFreq  stm32f4xx_hal_rcc.o
    0x08001a04   0x0000002c   Code   RO         3268    i.HAL_RCC_GetPCLK1Freq  stm32f4xx_hal_rcc.o
    0x08001a30   0x0000002c   Code   RO         3269    i.HAL_RCC_GetPCLK2Freq  stm32f4xx_hal_rcc.o
    0x08001a5c   0x00000070   Code   RO         3270    i.HAL_RCC_GetSysClockFreq  stm32f4xx_hal_rcc.o
    0x08001acc   0x000002e4   Code   RO         3273    i.HAL_RCC_OscConfig  stm32f4xx_hal_rcc.o
    0x08001db0   0x00000018   Code   RO         2002    i.HAL_SYSTICK_CLKSourceConfig  stm32f4xx_hal_cortex.o
    0x08001dc8   0x00000002   Code   RO         2003    i.HAL_SYSTICK_Callback  stm32f4xx_hal_cortex.o
    0x08001dca   0x00000028   Code   RO         2004    i.HAL_SYSTICK_Config  stm32f4xx_hal_cortex.o
    0x08001df2   0x00000008   Code   RO         2005    i.HAL_SYSTICK_IRQHandler  stm32f4xx_hal_cortex.o
    0x08001dfa   0x00000002   Code   RO         1655    i.HAL_TIMEx_BreakCallback  stm32f4xx_hal_tim_ex.o
    0x08001dfc   0x00000002   Code   RO         1656    i.HAL_TIMEx_CommutationCallback  stm32f4xx_hal_tim_ex.o
    0x08001dfe   0x00000050   Code   RO         1672    i.HAL_TIMEx_MasterConfigSynchronization  stm32f4xx_hal_tim_ex.o
    0x08001e4e   0x00000036   Code   RO          879    i.HAL_TIM_Base_Init  stm32f4xx_hal_tim.o
    0x08001e84   0x000000b0   Code   RO          492    i.HAL_TIM_Base_MspInit  stm32f4xx_hal_msp.o
    0x08001f34   0x000000f2   Code   RO          888    i.HAL_TIM_ConfigClockSource  stm32f4xx_hal_tim.o
    0x08002026   0x00000002   PAD
    0x08002028   0x00000334   Code   RO          555    i.HAL_TIM_IC_CaptureCallback  fs_ia6b.o
    0x0800235c   0x0000011e   Code   RO          909    i.HAL_TIM_IC_ConfigChannel  stm32f4xx_hal_tim.o
    0x0800247a   0x00000036   Code   RO          912    i.HAL_TIM_IC_Init   stm32f4xx_hal_tim.o
    0x080024b0   0x00000002   Code   RO          914    i.HAL_TIM_IC_MspInit  stm32f4xx_hal_tim.o
    0x080024b2   0x0000004c   Code   RO          917    i.HAL_TIM_IC_Start_IT  stm32f4xx_hal_tim.o
    0x080024fe   0x00000166   Code   RO          921    i.HAL_TIM_IRQHandler  stm32f4xx_hal_tim.o
    0x08002664   0x00000034   Code   RO          493    i.HAL_TIM_MspPostInit  stm32f4xx_hal_msp.o
    0x08002698   0x00000002   Code   RO          924    i.HAL_TIM_OC_DelayElapsedCallback  stm32f4xx_hal_tim.o
    0x0800269a   0x000000d0   Code   RO          945    i.HAL_TIM_PWM_ConfigChannel  stm32f4xx_hal_tim.o
    0x0800276a   0x00000036   Code   RO          948    i.HAL_TIM_PWM_Init  stm32f4xx_hal_tim.o
    0x080027a0   0x00000002   Code   RO          950    i.HAL_TIM_PWM_MspInit  stm32f4xx_hal_tim.o
    0x080027a2   0x00000002   Code   RO          951    i.HAL_TIM_PWM_PulseFinishedCallback  stm32f4xx_hal_tim.o
    0x080027a4   0x00000038   Code   RO          952    i.HAL_TIM_PWM_Start  stm32f4xx_hal_tim.o
    0x080027dc   0x00000002   Code   RO          958    i.HAL_TIM_PeriodElapsedCallback  stm32f4xx_hal_tim.o
    0x080027de   0x00000044   Code   RO          959    i.HAL_TIM_ReadCapturedValue  stm32f4xx_hal_tim.o
    0x08002822   0x00000002   Code   RO          962    i.HAL_TIM_TriggerCallback  stm32f4xx_hal_tim.o
    0x08002824   0x00000002   Code   RO         2755    i.HAL_UART_ErrorCallback  stm32f4xx_hal_uart.o
    0x08002826   0x000000e8   Code   RO         2758    i.HAL_UART_IRQHandler  stm32f4xx_hal_uart.o
    0x0800290e   0x00000062   Code   RO         2759    i.HAL_UART_Init     stm32f4xx_hal_uart.o
    0x08002970   0x0000015c   Code   RO          495    i.HAL_UART_MspInit  stm32f4xx_hal_msp.o
    0x08002acc   0x00000058   Code   RO         2764    i.HAL_UART_Receive_IT  stm32f4xx_hal_uart.o
    0x08002b24   0x00000014   Code   RO           13    i.HAL_UART_RxCpltCallback  main.o
    0x08002b38   0x000000aa   Code   RO         2767    i.HAL_UART_Transmit  stm32f4xx_hal_uart.o
    0x08002be2   0x00000002   Code   RO         2770    i.HAL_UART_TxCpltCallback  stm32f4xx_hal_uart.o
    0x08002be4   0x00000024   Code   RO          663    i.HMC5883L_Config   sensor_func.o
    0x08002c08   0x00000044   Code   RO          664    i.HMC5883L_Get_Mag_RawData  sensor_func.o
    0x08002c4c   0x00000002   Code   RO          356    i.HardFault_Handler  stm32f4xx_it.o
    0x08002c4e   0x00000002   PAD
    0x08002c50   0x0000000c   Code   RO          357    i.I2C1_EV_IRQHandler  stm32f4xx_it.o
    0x08002c5c   0x00000028   Code   RO         2164    i.I2C_IsAcknowledgeFailed  stm32f4xx_hal_i2c.o
    0x08002c84   0x000000e8   Code   RO         2165    i.I2C_MasterReceive_BTF  stm32f4xx_hal_i2c.o
    0x08002d6c   0x000000b2   Code   RO         2166    i.I2C_MasterReceive_RXNE  stm32f4xx_hal_i2c.o
    0x08002e1e   0x000000d4   Code   RO         2167    i.I2C_MasterRequestRead  stm32f4xx_hal_i2c.o
    0x08002ef2   0x00000002   PAD
    0x08002ef4   0x00000090   Code   RO         2168    i.I2C_MasterRequestWrite  stm32f4xx_hal_i2c.o
    0x08002f84   0x00000086   Code   RO         2169    i.I2C_MasterTransmit_BTF  stm32f4xx_hal_i2c.o
    0x0800300a   0x00000002   PAD
    0x0800300c   0x00000038   Code   RO          580    i.I2C_Read          i2c_com.o
    0x08003044   0x000000e2   Code   RO         2170    i.I2C_RequestMemoryRead  stm32f4xx_hal_i2c.o
    0x08003126   0x00000002   PAD
    0x08003128   0x00000070   Code   RO         2173    i.I2C_Slave_STOPF   stm32f4xx_hal_i2c.o
    0x08003198   0x0000008e   Code   RO         2174    i.I2C_WaitOnFlagUntilTimeout  stm32f4xx_hal_i2c.o
    0x08003226   0x00000002   PAD
    0x08003228   0x0000008c   Code   RO         2175    i.I2C_WaitOnMasterAddressFlagUntilTimeout  stm32f4xx_hal_i2c.o
    0x080032b4   0x00000068   Code   RO         2176    i.I2C_WaitOnRXNEFlagUntilTimeout  stm32f4xx_hal_i2c.o
    0x0800331c   0x00000052   Code   RO         2178    i.I2C_WaitOnTXEFlagUntilTimeout  stm32f4xx_hal_i2c.o
    0x0800336e   0x00000002   PAD
    0x08003370   0x00000024   Code   RO          581    i.I2C_Write8        i2c_com.o
    0x08003394   0x0000007c   Code   RO          665    i.MPU6050_Config    sensor_func.o
    0x08003410   0x0000005c   Code   RO          666    i.MPU6050_Get_Accel_RawData  sensor_func.o
    0x0800346c   0x00000040   Code   RO          668    i.MPU6050_Get_Gyro_RawData  sensor_func.o
    0x080034ac   0x00000028   Code   RO          670    i.MPU6050_Get_Temp  sensor_func.o
    0x080034d4   0x0000000a   Code   RO          672    i.MPU6050_Set_SMPRT_DIV  sensor_func.o
    0x080034de   0x00000002   PAD
    0x080034e0   0x00000044   Code   RO          582    i.MS5611ReadLong    i2c_com.o
    0x08003524   0x00000038   Code   RO          583    i.MS5611ReadShort   i2c_com.o
    0x0800355c   0x0000001c   Code   RO          584    i.MS5611WriteByte   i2c_com.o
    0x08003578   0x00000048   Code   RO          673    i.MS5611_Init       sensor_func.o
    0x080035c0   0x0000008c   Code   RO           14    i.MX_DMA_Init       main.o
    0x0800364c   0x000000a4   Code   RO           15    i.MX_GPIO_Init      main.o
    0x080036f0   0x0000007c   Code   RO           16    i.MX_TIM2_Init      main.o
    0x0800376c   0x00000084   Code   RO           17    i.MX_TIM3_Init      main.o
    0x080037f0   0x00000068   Code   RO           18    i.MX_TIM4_Init      main.o
    0x08003858   0x00000028   Code   RO           19    i.MX_USART1_UART_Init  main.o
    0x08003880   0x00000002   Code   RO          358    i.MemManage_Handler  stm32f4xx_it.o
    0x08003882   0x00000002   Code   RO          359    i.NMI_Handler       stm32f4xx_it.o
    0x08003884   0x00000020   Code   RO         2006    i.NVIC_SetPriority  stm32f4xx_hal_cortex.o
    0x080038a4   0x00000020   Code   RO          360    i.SysTick_Handler   stm32f4xx_it.o
    0x080038c4   0x00000094   Code   RO           20    i.SystemClock_Config  main.o
    0x08003958   0x00000054   Code   RO          841    i.SystemInit        system_stm32f4xx.o
    0x080039ac   0x0000000c   Code   RO          361    i.TIM2_IRQHandler   stm32f4xx_it.o
    0x080039b8   0x0000000c   Code   RO          362    i.TIM4_IRQHandler   stm32f4xx_it.o
    0x080039c4   0x000000c0   Code   RO          963    i.TIM_Base_SetConfig  stm32f4xx_hal_tim.o
    0x08003a84   0x00000016   Code   RO          964    i.TIM_CCxChannelCmd  stm32f4xx_hal_tim.o
    0x08003a9a   0x00000014   Code   RO          970    i.TIM_ETR_SetConfig  stm32f4xx_hal_tim.o
    0x08003aae   0x00000010   Code   RO          971    i.TIM_ITRx_SetConfig  stm32f4xx_hal_tim.o
    0x08003abe   0x00000002   PAD
    0x08003ac0   0x00000058   Code   RO          972    i.TIM_OC1_SetConfig  stm32f4xx_hal_tim.o
    0x08003b18   0x00000064   Code   RO          973    i.TIM_OC2_SetConfig  stm32f4xx_hal_tim.o
    0x08003b7c   0x00000060   Code   RO          974    i.TIM_OC3_SetConfig  stm32f4xx_hal_tim.o
    0x08003bdc   0x00000050   Code   RO          975    i.TIM_OC4_SetConfig  stm32f4xx_hal_tim.o
    0x08003c2c   0x00000022   Code   RO          977    i.TIM_TI1_ConfigInputStage  stm32f4xx_hal_tim.o
    0x08003c4e   0x00000002   PAD
    0x08003c50   0x00000084   Code   RO          978    i.TIM_TI1_SetConfig  stm32f4xx_hal_tim.o
    0x08003cd4   0x00000024   Code   RO          979    i.TIM_TI2_ConfigInputStage  stm32f4xx_hal_tim.o
    0x08003cf8   0x00000036   Code   RO          980    i.TIM_TI2_SetConfig  stm32f4xx_hal_tim.o
    0x08003d2e   0x00000096   Code   RO         2777    i.UART_Receive_IT   stm32f4xx_hal_uart.o
    0x08003dc4   0x000002ac   Code   RO         2778    i.UART_SetConfig    stm32f4xx_hal_uart.o
    0x08004070   0x00000062   Code   RO         2779    i.UART_Transmit_IT  stm32f4xx_hal_uart.o
    0x080040d2   0x00000096   Code   RO         2780    i.UART_WaitOnFlagUntilTimeout  stm32f4xx_hal_uart.o
    0x08004168   0x0000000c   Code   RO          363    i.USART1_IRQHandler  stm32f4xx_it.o
    0x08004174   0x0000000c   Code   RO          364    i.USART2_IRQHandler  stm32f4xx_it.o
    0x08004180   0x00000002   Code   RO          365    i.UsageFault_Handler  stm32f4xx_it.o
    0x08004182   0x00000002   PAD
    0x08004184   0x00000028   Code   RO         3678    i.__0sprintf        mc_w.l(printfa.o)
    0x080041ac   0x00000030   Code   RO         3763    i.__ARM_fpclassify  m_wm.l(fpclassify.o)
    0x080041dc   0x00000004   PAD
    0x080041e0   0x00000360   Code   RO         3362    i.__hardfp_asin     m_wm.l(asin.o)
    0x08004540   0x000002d8   Code   RO         3726    i.__hardfp_atan     m_wm.l(atan.o)
    0x08004818   0x000001f0   Code   RO         3376    i.__hardfp_atan2    m_wm.l(atan2.o)
    0x08004a08   0x000000c8   Code   RO         3388    i.__hardfp_cos      m_wm.l(cos.o)
    0x08004ad0   0x00000c50   Code   RO         3400    i.__hardfp_pow      m_wm.l(pow.o)
    0x08005720   0x000000c8   Code   RO         3414    i.__hardfp_sin      m_wm.l(sin.o)
    0x080057e8   0x0000007a   Code   RO         3426    i.__hardfp_sqrt     m_wm.l(sqrt.o)
    0x08005862   0x00000006   PAD
    0x08005868   0x00000438   Code   RO         3768    i.__ieee754_rem_pio2  m_wm.l(rred.o)
    0x08005ca0   0x00000170   Code   RO         3740    i.__kernel_cos      m_wm.l(cos_i.o)
    0x08005e10   0x000000f8   Code   RO         3765    i.__kernel_poly     m_wm.l(poly.o)
    0x08005f08   0x00000130   Code   RO         3773    i.__kernel_sin      m_wm.l(sin_i.o)
    0x08006038   0x00000030   Code   RO         3743    i.__mathlib_dbl_divzero  m_wm.l(dunder.o)
    0x08006068   0x00000014   Code   RO         3744    i.__mathlib_dbl_infnan  m_wm.l(dunder.o)
    0x0800607c   0x00000014   Code   RO         3745    i.__mathlib_dbl_infnan2  m_wm.l(dunder.o)
    0x08006090   0x00000020   Code   RO         3746    i.__mathlib_dbl_invalid  m_wm.l(dunder.o)
    0x080060b0   0x00000020   Code   RO         3747    i.__mathlib_dbl_overflow  m_wm.l(dunder.o)
    0x080060d0   0x00000020   Code   RO         3749    i.__mathlib_dbl_underflow  m_wm.l(dunder.o)
    0x080060f0   0x0000000e   Code   RO         3834    i.__scatterload_copy  mc_w.l(handlers.o)
    0x080060fe   0x00000002   Code   RO         3835    i.__scatterload_null  mc_w.l(handlers.o)
    0x08006100   0x0000000e   Code   RO         3836    i.__scatterload_zeroinit  mc_w.l(handlers.o)
    0x0800610e   0x00000002   PAD
    0x08006110   0x0000000c   Code   RO         3808    i.__set_errno       mc_w.l(errno.o)
    0x0800611c   0x00000164   Code   RO         3683    i._fp_digits        mc_w.l(printfa.o)
    0x08006280   0x000006dc   Code   RO         3684    i._printf_core      mc_w.l(printfa.o)
    0x0800695c   0x00000024   Code   RO         3685    i._printf_post_padding  mc_w.l(printfa.o)
    0x08006980   0x0000002e   Code   RO         3686    i._printf_pre_padding  mc_w.l(printfa.o)
    0x080069ae   0x0000000a   Code   RO         3688    i._sputc            mc_w.l(printfa.o)
    0x080069b8   0x00000010   Code   RO         3728    i.atan              m_wm.l(atan.o)
    0x080069c8   0x00000024   Code   RO           21    i.calcChecksum      main.o
    0x080069ec   0x00000294   Code   RO          632    i.calculate_altitude_pid  pid.o
    0x08006c80   0x000002c8   Code   RO          633    i.calculate_pid     pid.o
    0x08006f48   0x00000058   Code   RO           22    i.course_deviation  main.o
    0x08006fa0   0x00000018   Code   RO         3759    i.fabs              m_wm.l(fabs.o)
    0x08006fb8   0x00000044   Code   RO           23    i.getCurrentMicros  main.o
    0x08006ffc   0x00001ab4   Code   RO           24    i.main              main.o
    0x08008ab0   0x00000090   Code   RO           25    i.processGPS        main.o
    0x08008b40   0x000002c8   Code   RO           26    i.read_compass      main.o
    0x08008e08   0x00000264   Code   RO           27    i.return_to_home    main.o
    0x0800906c   0x000000e8   Code   RO           28    i.setup_compass     main.o
    0x08009154   0x0000006e   Code   RO         3428    i.sqrt              m_wm.l(sqrt.o)
    0x080091c2   0x00000002   PAD
    0x080091c4   0x00000144   Code   RO           29    i.start_stop_takeoff  main.o
    0x08009308   0x00000002   Data   RO           40    .constdata          main.o
    0x0800930a   0x00000008   Data   RO         3129    .constdata          stm32f4xx_hal_dma.o
    0x08009312   0x00000010   Data   RO         3274    .constdata          stm32f4xx_hal_rcc.o
    0x08009322   0x00000006   PAD
    0x08009328   0x00000050   Data   RO         3365    .constdata          m_wm.l(asin.o)
    0x08009378   0x00000088   Data   RO         3403    .constdata          m_wm.l(pow.o)
    0x08009400   0x00000098   Data   RO         3729    .constdata          m_wm.l(atan.o)
    0x08009498   0x00000030   Data   RO         3741    .constdata          m_wm.l(cos_i.o)
    0x080094c8   0x00000008   Data   RO         3767    .constdata          m_wm.l(qnan.o)
    0x080094d0   0x000000c8   Data   RO         3770    .constdata          m_wm.l(rred.o)
    0x08009598   0x00000028   Data   RO         3774    .constdata          m_wm.l(sin_i.o)
    0x080095c0   0x00000020   Data   RO         3832    Region$$Table       anon$$obj.o


    Execution Region RW_IRAM1 (Base: 0x20000000, Size: 0x00000d80, Max: 0x00020000, ABSOLUTE, COMPRESSED[0x00000088])

    Base Addr    Size         Type   Attr      Idx    E Section Name        Object

    0x20000000   0x000001f8   Data   RW           41    .data               main.o
    0x200001f8   0x00000004   Data   RW           43    .data               main.o
    0x200001fc   0x00000001   Data   RW           56    .data               main.o
    0x200001fd   0x00000003   PAD
    0x20000200   0x00000004   Data   RW           57    .data               main.o
    0x20000204   0x00000004   Data   RW           58    .data               main.o
    0x20000208   0x00000004   Data   RW           59    .data               main.o
    0x2000020c   0x00000004   Data   RW           60    .data               main.o
    0x20000210   0x00000004   Data   RW           61    .data               main.o
    0x20000214   0x00000004   Data   RW           62    .data               main.o
    0x20000218   0x00000004   Data   RW           63    .data               main.o
    0x2000021c   0x00000004   Data   RW           64    .data               main.o
    0x20000220   0x00000004   Data   RW           65    .data               main.o
    0x20000224   0x00000004   Data   RW           66    .data               main.o
    0x20000228   0x00000004   Data   RW           67    .data               main.o
    0x2000022c   0x00000004   Data   RW           68    .data               main.o
    0x20000230   0x00000004   Data   RW           69    .data               main.o
    0x20000234   0x00000004   Data   RW           70    .data               main.o
    0x20000238   0x00000004   Data   RW           71    .data               main.o
    0x2000023c   0x00000004   Data   RW           72    .data               main.o
    0x20000240   0x00000004   Data   RW           73    .data               main.o
    0x20000244   0x00000004   Data   RW           74    .data               main.o
    0x20000248   0x00000004   Data   RW           75    .data               main.o
    0x2000024c   0x00000004   Data   RW           76    .data               main.o
    0x20000250   0x00000004   Data   RW           77    .data               main.o
    0x20000254   0x00000004   Data   RW           78    .data               main.o
    0x20000258   0x00000004   Data   RW           79    .data               main.o
    0x2000025c   0x00000001   Data   RW           80    .data               main.o
    0x2000025d   0x00000001   Data   RW           81    .data               main.o
    0x2000025e   0x00000001   Data   RW           82    .data               main.o
    0x2000025f   0x00000001   Data   RW           83    .data               main.o
    0x20000260   0x00000001   Data   RW           84    .data               main.o
    0x20000261   0x00000001   Data   RW           85    .data               main.o
    0x20000262   0x00000001   Data   RW           99    .data               main.o
    0x20000263   0x00000001   PAD
    0x20000264   0x00000004   Data   RW          100    .data               main.o
    0x20000268   0x00000004   Data   RW          101    .data               main.o
    0x2000026c   0x00000004   Data   RW          103    .data               main.o
    0x20000270   0x00000004   Data   RW          104    .data               main.o
    0x20000274   0x00000004   Data   RW          105    .data               main.o
    0x20000278   0x00000004   Data   RW          106    .data               main.o
    0x2000027c   0x00000004   Data   RW          107    .data               main.o
    0x20000280   0x00000004   Data   RW          108    .data               main.o
    0x20000284   0x00000004   Data   RW          109    .data               main.o
    0x20000288   0x00000004   Data   RW          110    .data               main.o
    0x2000028c   0x00000004   Data   RW          111    .data               main.o
    0x20000290   0x00000004   Data   RW          112    .data               main.o
    0x20000294   0x00000004   Data   RW          113    .data               main.o
    0x20000298   0x00000004   Data   RW          114    .data               main.o
    0x2000029c   0x00000004   Data   RW          843    .data               system_stm32f4xx.o
    0x200002a0   0x00000004   Data   RW         1529    .data               stm32f4xx_hal.o
    0x200002a4   0x00000004   Data   RW         3809    .data               mc_w.l(errno.o)
    0x200002a8   0x00000438   Zero   RW           30    .bss                main.o
    0x200006e0   0x00000058   Zero   RW           31    .bss                main.o
    0x20000738   0x00000058   Zero   RW           32    .bss                main.o
    0x20000790   0x00000058   Zero   RW           33    .bss                main.o
    0x200007e8   0x00000058   Zero   RW           34    .bss                main.o
    0x20000840   0x00000058   Zero   RW           35    .bss                main.o
    0x20000898   0x00000058   Zero   RW           36    .bss                main.o
    0x200008f0   0x0000008c   Zero   RW           39    .bss                main.o
    0x2000097c   0x00000004   PAD
    0x20000980   0x00000400   Zero   RW            1    STACK               startup_stm32f407xx.o


==============================================================================

Image component sizes


      Code (inc. data)   RO Data    RW Data    ZI Data      Debug   Object Name

       820        104          0          0          0       2789   fs_ia6b.o
       244         24          0          0          0       3945   i2c_com.o
      9924        662          2        664       1748     408999   main.o
      1372        240          0          0          0       1549   pid.o
       506         26          0          0          0       5310   sensor_func.o
        36          8        392          0       1024        864   startup_stm32f407xx.o
       136         16          0          4          0       4379   stm32f4xx_hal.o
       228         14          0          0          0      32377   stm32f4xx_hal_cortex.o
       576         14          8          0          0       3060   stm32f4xx_hal_dma.o
       492         56          0          0          0       4481   stm32f4xx_hal_gpio.o
      3766         62          0          0          0      23847   stm32f4xx_hal_i2c.o
       836        100          0          0          0       4368   stm32f4xx_hal_msp.o
      1312         64         16          0          0       6119   stm32f4xx_hal_rcc.o
      2338        116          0          0          0      21975   stm32f4xx_hal_tim.o
        84          0          0          0          0       2522   stm32f4xx_hal_tim_ex.o
      1674          8          0          0          0       8707   stm32f4xx_hal_uart.o
       188         70          0          0          0       9802   stm32f4xx_it.o
        84         18          0          4          0       1413   system_stm32f4xx.o

    ----------------------------------------------------------------------
     24646       1602        456        676       2776     546506   Object Totals
         0          0         32          0          0          0   (incl. Generated)
        30          0          6          4          4          0   (incl. Padding)

    ----------------------------------------------------------------------

      Code (inc. data)   RO Data    RW Data    ZI Data      Debug   Library Member Name

       864         94         80          0          0        280   asin.o
       744        106        152          0          0        352   atan.o
       496         64          0          0          0        192   atan2.o
       200         20          0          0          0        164   cos.o
       368         46         48          0          0        200   cos_i.o
       184         44          0          0          0        744   dunder.o
        24          0          0          0          0        124   fabs.o
        48          0          0          0          0        124   fpclassify.o
       248          0          0          0          0        152   poly.o
      3152        296        136          0          0        352   pow.o
         0          0          8          0          0          0   qnan.o
      1080        142        200          0          0        188   rred.o
       200         20          0          0          0        164   sin.o
       304         24         40          0          0        208   sin_i.o
       232          0          0          0          0        296   sqrt.o
        86          0          0          0          0          0   __dczerorl2.o
         0          0          0          0          0          0   entry.o
         0          0          0          0          0          0   entry10a.o
         0          0          0          0          0          0   entry11a.o
         8          4          0          0          0          0   entry2.o
         4          0          0          0          0          0   entry5.o
         0          0          0          0          0          0   entry7b.o
         0          0          0          0          0          0   entry8b.o
         8          4          0          0          0          0   entry9a.o
        12          6          0          4          0         68   errno.o
        30          0          0          0          0          0   handlers.o
        36          8          0          0          0         68   init.o
         0          0          0          0          0          0   iusefp.o
        30          0          0          0          0         68   llshl.o
        36          0          0          0          0         68   llsshr.o
        32          0          0          0          0         68   llushr.o
      2244         86          0          0          0        512   printfa.o
        14          0          0          0          0         68   strlen.o
        44          0          0          0          0         80   uidiv.o
        98          0          0          0          0         92   uldiv.o
        48          0          0          0          0         68   cdcmple.o
        48          0          0          0          0         68   cdrcmple.o
        56          0          0          0          0         88   d2f.o
       334          0          0          0          0        148   dadd.o
       222          0          0          0          0        100   ddiv.o
       186          0          0          0          0        176   depilogue.o
        62          0          0          0          0         80   dfixi.o
        74          0          0          0          0         80   dfixl.o
        48          0          0          0          0         68   dfixul.o
        34          0          0          0          0         76   dflti.o
        40          0          0          0          0         80   dfltl.o
        26          0          0          0          0         76   dfltui.o
       228          0          0          0          0         96   dmul.o
        46          0          0          0          0         80   dscalb.o
       162          0          0          0          0        100   dsqrt.o
        38          0          0          0          0         68   f2d.o
       110          0          0          0          0        168   fepilogue.o

    ----------------------------------------------------------------------
     12602        964        664          4          0       6252   Library Totals
        14          0          0          0          0          0   (incl. Padding)

    ----------------------------------------------------------------------

      Code (inc. data)   RO Data    RW Data    ZI Data      Debug   Library Name

      8144        856        664          0          0       3540   m_wm.l
      2682        108          0          4          0       1092   mc_w.l
      1762          0          0          0          0       1620   mf_w.l

    ----------------------------------------------------------------------
     12602        964        664          4          0       6252   Library Totals

    ----------------------------------------------------------------------

==============================================================================


      Code (inc. data)   RO Data    RW Data    ZI Data      Debug   

     37248       2566       1120        680       2776     535186   Grand Totals
     37248       2566       1120        136       2776     535186   ELF Image Totals (compressed)
     37248       2566       1120        136          0          0   ROM Totals

==============================================================================

    Total RO  Size (Code + RO Data)                38368 (  37.47kB)
    Total RW  Size (RW Data + ZI Data)              3456 (   3.38kB)
    Total ROM Size (Code + RO Data + RW Data)      38504 (  37.60kB)

==============================================================================

