<html>
<body>
<pre>
<h1>µVision Build Log</h1>
<h2>Tool Versions:</h2>
IDE-Version: µVision V5.17.0.0
Copyright (C) 2015 ARM Ltd and ARM Germany GmbH. All rights reserved.
License Information: Khoa ASUS, DHBK, LIC=RC93N-YPCI4-FW72N-YGI33-3UTXQ-XD40Y
 
Tool Versions:
Toolchain:       MDK-ARM Standard  Version: 5.17
Toolchain Path:  C:\Keil_v5\ARM\ARMCC\Bin
C Compiler:      Armcc.exe V5.06 update 1 (build 61)
Assembler:       Armasm.exe V5.06 update 1 (build 61)
Linker/Locator:  ArmLink.exe V5.06 update 1 (build 61)
Library Manager: ArmAr.exe V5.06 update 1 (build 61)
Hex Converter:   FromElf.exe V5.06 update 1 (build 61)
CPU DLL:         SARMCM3.DLL V5.17
Dialog DLL:      DCM.DLL V1.13.4.0
Target DLL:      STLink\ST-LINKIII-KEIL_SWO.dll V2.0.18.0
Dialog DLL:      TCM.DLL V1.14.6.0
 
<h2>Project:</h2>
C:\Users\ASUS\Desktop\LVTN\RTH_FINAL\GPS_UBX_RTH\Keil_Quad_GPS_3\MDK-ARM\Keil_Quad_GPS_3.uvprojx
Project File Date:  10/31/2021

<h2>Output:</h2>
*** Using Compiler 'V5.06 update 1 (build 61)', folder: 'C:\Keil_v5\ARM\ARMCC\Bin'
Build target 'Keil_Quad_GPS_3'
compiling main.c...
../Inc/Kalman.h(14): warning:  #1295-D: Deprecated declaration getKalmanGain_X - give arg types
     float getKalmanGain_X();
../Inc/Kalman.h(15): warning:  #1295-D: Deprecated declaration getEstimateError_X - give arg types
     float getEstimateError_X();
../Inc/Kalman.h(22): warning:  #1295-D: Deprecated declaration getKalmanGain_Y - give arg types
     float getKalmanGain_Y();
../Inc/Kalman.h(23): warning:  #1295-D: Deprecated declaration getEstimateError_Y - give arg types
     float getEstimateError_Y();
../Src/main.c(345): warning:  #1035-D: single-precision operand implicitly converted to double-precision
          pid_altitude_setpoint -= 0.035;
../Src/main.c(346): warning:  #1035-D: single-precision operand implicitly converted to double-precision
          return_to_home_decrease -= 0.035;
../Src/main.c(354): warning:  #1035-D: single-precision operand implicitly converted to double-precision
        if (abs(lat_gps_home - l_lat_waypoint) < 1500 && abs(lon_gps_home - l_lon_waypoint) < 1500 && return_to_home_move_factor > 0.35)return_to_home_move_factor -= 0.0015;//0.45   0.0015
../Src/main.c(354): warning:  #1035-D: single-precision operand implicitly converted to double-precision
        if (abs(lat_gps_home - l_lat_waypoint) < 1500 && abs(lon_gps_home - l_lon_waypoint) < 1500 && return_to_home_move_factor > 0.35)return_to_home_move_factor -= 0.0015;//0.45   0.0015
../Src/main.c(355): warning:  #1035-D: single-precision operand implicitly converted to double-precision
        else if (return_to_home_move_factor < 1.8)return_to_home_move_factor += 0.0005;// 1.8 0.0008
../Src/main.c(355): warning:  #1035-D: single-precision operand implicitly converted to double-precision
        else if (return_to_home_move_factor < 1.8)return_to_home_move_factor += 0.0005;// 1.8 0.0008
../Src/main.c(371): warning:  #1035-D: single-precision operand implicitly converted to double-precision
        pid_altitude_setpoint += 0.035;
../Src/main.c(496): warning:  #1035-D: single-precision operand implicitly converted to double-precision
    Xh = (float)myMagRaw.x * cos(pitch * -0.0174533) + (float)myMagRaw.y * sin(roll * 0.0174533) * sin(pitch * -0.0174533) - (float)myMagRaw.z * cos(roll * 0.0174533) * sin(pitch * -0.0174533);
../Src/main.c(496): warning:  #1035-D: single-precision operand implicitly converted to double-precision
    Xh = (float)myMagRaw.x * cos(pitch * -0.0174533) + (float)myMagRaw.y * sin(roll * 0.0174533) * sin(pitch * -0.0174533) - (float)myMagRaw.z * cos(roll * 0.0174533) * sin(pitch * -0.0174533);
../Src/main.c(497): warning:  #1035-D: single-precision operand implicitly converted to double-precision
    Yh = (float)myMagRaw.y * cos(roll * 0.0174533) + (float)myMagRaw.z * sin(roll * 0.0174533);
../Src/main.c(497): warning:  #1035-D: single-precision operand implicitly converted to double-precision
    Yh = (float)myMagRaw.y * cos(roll * 0.0174533) + (float)myMagRaw.z * sin(roll * 0.0174533);
../Src/main.c(780): warning:  #1035-D: single-precision operand implicitly converted to double-precision
            l_lat_gps_float_adjust -= 0.0035 * (((channel_2 - 1500) * cos(yaw * 0.017453)) + ((channel_1 - 1500) * cos((yaw - 90) * 0.017453))); //North correction      
../Src/main.c(780): warning:  #1035-D: single-precision operand implicitly converted to double-precision
            l_lat_gps_float_adjust -= 0.0035 * (((channel_2 - 1500) * cos(yaw * 0.017453)) + ((channel_1 - 1500) * cos((yaw - 90) * 0.017453))); //North correction      
../Src/main.c(781): warning:  #1035-D: single-precision operand implicitly converted to double-precision
            l_lon_gps_float_adjust += (0.0035 * (((channel_1 - 1500) * cos(yaw * 0.017453)) + ((channel_2 - 1500) * cos((yaw + 90) * 0.017453)))) / cos(((float)lat_gps / 10000000.0) * 0.017453); //East correction       
../Src/main.c(781): warning:  #1035-D: single-precision operand implicitly converted to double-precision
            l_lon_gps_float_adjust += (0.0035 * (((channel_1 - 1500) * cos(yaw * 0.017453)) + ((channel_2 - 1500) * cos((yaw + 90) * 0.017453)))) / cos(((float)lat_gps / 10000000.0) * 0.017453); //East correction       
../Src/main.c(781): warning:  #1035-D: single-precision operand implicitly converted to double-precision
            l_lon_gps_float_adjust += (0.0035 * (((channel_1 - 1500) * cos(yaw * 0.017453)) + ((channel_2 - 1500) * cos((yaw + 90) * 0.017453)))) / cos(((float)lat_gps / 10000000.0) * 0.017453); //East correction       
../Src/main.c(840): warning:  #1035-D: single-precision operand implicitly converted to double-precision
        gps_roll_adjust = (((float)gps_roll_adjust_north * cos(yaw * 0.017453)) + ((float)gps_pitch_adjust_north * cos((yaw - 90) * 0.017453)))/3.75; //3.75
../Src/main.c(840): warning:  #1035-D: single-precision operand implicitly converted to double-precision
        gps_roll_adjust = (((float)gps_roll_adjust_north * cos(yaw * 0.017453)) + ((float)gps_pitch_adjust_north * cos((yaw - 90) * 0.017453)))/3.75; //3.75
../Src/main.c(841): warning:  #1035-D: single-precision operand implicitly converted to double-precision
        gps_pitch_adjust = (((float)gps_pitch_adjust_north * cos(yaw * 0.017453)) + ((float)gps_roll_adjust_north * cos((yaw + 90) * 0.017453)))/3.75;
../Src/main.c(841): warning:  #1035-D: single-precision operand implicitly converted to double-precision
        gps_pitch_adjust = (((float)gps_pitch_adjust_north * cos(yaw * 0.017453)) + ((float)gps_roll_adjust_north * cos((yaw + 90) * 0.017453)))/3.75;
../Src/main.c: 24 warnings, 0 errors
linking...
Program Size: Code=37248 RO-data=1120 RW-data=680 ZI-data=2776  
FromELF: creating hex file...
"Keil_Quad_GPS_3\Keil_Quad_GPS_3.axf" - 0 Error(s), 24 Warning(s).

<h2>Software Packages used:</h2>

Package Vendor: ARM
                http://www.keil.com/pack/ARM.CMSIS.4.5.0.pack
                ARM::CMSIS:CORE:4.3.0
                CMSIS (Cortex Microcontroller Software Interface Standard)
   * Component: CORE Version: 4.3.0

<h2>Collection of Component include folders:</h2>
  C:\Users\ASUS\Desktop\LVTN\RTH_FINAL\GPS_UBX_RTH\Keil_Quad_GPS_3\MDK-ARM\RTE
  C:\Keil_v5\ARM\PACK\ARM\CMSIS\4.5.0\CMSIS\Include
  C:\Keil_v5\ARM\PACK\Keil\STM32F4xx_DFP\2.14.0\Drivers\CMSIS\Device\ST\STM32F4xx\Include

<h2>Collection of Component Files used:</h2>

   * Component: ARM::CMSIS:CORE:4.3.0
Build Time Elapsed:  00:00:03
</pre>
</body>
</html>
